../Library/Bluenrg/bluenrg2_intf.c:49:12:BlueNRG_Init	24	static
../Library/Bluenrg/bluenrg2_intf.c:76:12:BlueNRG_ConfigureMTU	16	static
../Library/Bluenrg/bluenrg2_intf.c:80:6:aci_att_exchange_mtu_resp_event	16	static
../Library/Bluenrg/bluenrg2_intf.c:86:12:BlueNRG_StartAdvertising	56	static
../Library/Bluenrg/bluenrg2_intf.c:116:6:BlueNRG_AddServices	264	static
../Library/Bluenrg/bluenrg2_intf.c:210:6:aci_gatt_attribute_modified_event	24	static
../Library/Bluenrg/bluenrg2_intf.c:228:8:BlueNRG_UpdateStatusCharacteristic	32	static
../Library/Bluenrg/bluenrg2_intf.c:275:6:BlueNRG_AddStreamService	72	static
../Library/Bluenrg/bluenrg2_intf.c:305:8:BlueNRG_SendStreamChunk	32	static
../Library/Bluenrg/bluenrg2_intf.c:322:8:BlueNRG_SendLargeBuffer	24	static
../Library/Bluenrg/bluenrg2_intf.c:344:10:get_control_daq_value	4	static
../Library/Bluenrg/bluenrg2_intf.c:349:10:get_control_rs485_value	4	static
../Library/Bluenrg/bluenrg2_intf.c:353:6:get_DaqFilename	24	static
../Library/Bluenrg/bluenrg2_intf.c:361:10:getStreamFilename	4	static
../Library/Bluenrg/bluenrg2_intf.c:366:6:BlueNRG_UserEvtRx	40	static
../Library/Bluenrg/bluenrg2_intf.c:407:6:BlueNRG_Process	8	static
../Library/Bluenrg/bluenrg2_intf.c:412:9:BlueNRG_GetStatus	4	static
../Library/Bluenrg/bluenrg2_intf.c:423:6:hci_le_connection_complete_event	24	static
../Library/Bluenrg/bluenrg2_intf.c:441:6:hci_disconnection_complete_event	16	static
