../Library/ads131m08/ads131m08.c:27:10:getRegisterValue	16	static
../Library/ads131m08/ads131m08.c:33:6:setSYNC_RESET	16	static
../Library/ads131m08/ads131m08.c:42:6:toggleRESET	8	static
../Library/ads131m08/ads131m08.c:50:6:adcStartup	8	static
../Library/ads131m08/ads131m08.c:75:10:readSingleRegister	40	static
../Library/ads131m08/ads131m08.c:102:6:writeSingleRegister	40	static
../Library/ads131m08/ads131m08.c:131:6:spiSendReceiveArrays	40	static
../Library/ads131m08/ads131m08.c:144:6:readAllChannelData	88	dynamic
../Library/ads131m08/ads131m08.c:190:6:calibrate	32	static
../Library/ads131m08/ads131m08.c:259:6:readData	32	static
../Library/ads131m08/ads131m08.c:386:10:sendCommand	32	static
../Library/ads131m08/ads131m08.c:412:6:resetDevice	24	static
../Library/ads131m08/ads131m08.c:460:6:lockRegisters	24	static
../Library/ads131m08/ads131m08.c:498:6:unlockRegisters	24	static
../Library/ads131m08/ads131m08.c:535:10:calculateCRC	32	static
../Library/ads131m08/ads131m08.c:594:6:restoreRegisterDefaults	4	static
../Library/ads131m08/ads131m08.c:670:9:upperByte	24	static
../Library/ads131m08/ads131m08.c:679:9:lowerByte	24	static
../Library/ads131m08/ads131m08.c:688:10:combineBytes	24	static
../Library/ads131m08/ads131m08.c:697:9:signExtend	32	static
../Library/ads131m08/ads131m08.c:743:9:buildSPIarray	40	static
../Library/ads131m08/ads131m08.c:775:10:enforce_selected_device_modes	16	static
../Library/ads131m08/ads131m08.c:837:9:getWordByteLength	8	static
../Library/ads131m08/ads131m08.c:843:9:spiSendReceiveByte	32	static
