../Core/Src/ipc.c:11:13:IPC_CacheCleanRegion	48	static,ignoring_inline_asm
../Core/Src/ipc.c:29:13:IPC_CacheInvalidateRegion	48	static,ignoring_inline_asm
../Core/Src/ipc.c:47:17:IPC_PostCommand	24	static
../Core/Src/ipc.c:68:6:IPC_InitSharedRegion	8	static
../Core/Src/ipc.c:88:10:IPC_PostStartAcq	144	static
../Core/Src/ipc.c:110:10:IPC_PostSimpleCommand	136	static
../Core/Src/ipc.c:124:10:IPC_PostStreamFile	136	static
../Core/Src/ipc.c:142:10:IPC_WaitForResponse	64	static
../Core/Src/ipc.c:167:6:IPC_ReadStatus	16	static
../Core/Src/ipc.c:180:10:IPC_ReadStreamInfo	16	static
../Core/Src/ipc.c:197:10:IPC_StreamFetchChunk	128	static
