../Core/Src/main.c:124:17:ReadU32Be	1
../Core/Src/main.c:132:17:ReadU64Be	1
../Core/Src/main.c:144:13:WriteU32Be	1
../Core/Src/main.c:152:13:WriteU64Be	1
../Core/Src/main.c:164:13:ProcessTcpData	6
../Core/Src/main.c:201:5:main	14
../Core/Src/main.c:368:6:SystemClock_Config	4
../Core/Src/main.c:430:13:MX_SDMMC1_MMC_Init	2
../Core/Src/main.c:461:13:MX_TIM1_Init	9
../Core/Src/main.c:549:13:MX_GPIO_Init	1
../Core/Src/main.c:644:6:StartDefaultTask	1
../Core/Src/main.c:690:6:ControllerTask	4
../Core/Src/main.c:734:6:TelemetryTask	1
../Core/Src/main.c:752:6:FileTask	1
../Core/Src/main.c:765:6:MPU_Config	1
../Core/Src/main.c:833:6:HAL_TIM_PeriodElapsedCallback	2
../Core/Src/main.c:851:6:Error_Handler	1
