../Core/Src/main.c:124:17:ReadU32Be	16	static
../Core/Src/main.c:132:17:ReadU64Be	144	static
../Core/Src/main.c:144:13:WriteU32Be	16	static
../Core/Src/main.c:152:13:WriteU64Be	24	static
../Core/Src/main.c:164:13:ProcessTcpData	136	static
../Core/Src/main.c:201:5:main	168	static,ignoring_inline_asm
../Core/Src/main.c:368:6:SystemClock_Config	120	static
../Core/Src/main.c:430:13:MX_SDMMC1_MMC_Init	8	static
../Core/Src/main.c:461:13:MX_TIM1_Init	112	static
../Core/Src/main.c:549:13:MX_GPIO_Init	56	static
../Core/Src/main.c:644:6:StartDefaultTask	48	static
../Core/Src/main.c:690:6:ControllerTask	232	static
../Core/Src/main.c:734:6:TelemetryTask	16	static
../Core/Src/main.c:752:6:FileTask	16	static
../Core/Src/main.c:765:6:MPU_Config	24	static
../Core/Src/main.c:833:6:HAL_TIM_PeriodElapsedCallback	16	static
../Core/Src/main.c:851:6:Error_Handler	4	static,ignoring_inline_asm
