../Core/Src/main.c:125:17:ReadU32Be	16	static
../Core/Src/main.c:133:17:ReadU64Be	144	static
../Core/Src/main.c:145:13:WriteU32Be	16	static
../Core/Src/main.c:153:13:WriteU64Be	24	static
../Core/Src/main.c:165:13:ProcessTcpData	136	static
../Core/Src/main.c:202:5:main	160	static,ignoring_inline_asm
../Core/Src/main.c:365:6:SystemClock_Config	120	static
../Core/Src/main.c:427:13:MX_SDMMC1_MMC_Init	8	static
../Core/Src/main.c:458:13:MX_TIM1_Init	112	static
../Core/Src/main.c:546:13:MX_GPIO_Init	56	static
../Core/Src/main.c:641:6:StartDefaultTask	48	static
../Core/Src/main.c:687:6:ControllerTask	232	static
../Core/Src/main.c:731:6:TelemetryTask	16	static
../Core/Src/main.c:749:6:FileTask	16	static
../Core/Src/main.c:762:6:MPU_Config	24	static
../Core/Src/main.c:830:6:HAL_TIM_PeriodElapsedCallback	16	static
../Core/Src/main.c:848:6:Error_Handler	4	static,ignoring_inline_asm
