../Core/Src/main.c:122:17:ReadU32Be	16	static
../Core/Src/main.c:130:17:ReadU64Be	144	static
../Core/Src/main.c:142:13:ProcessTcpData	136	static
../Core/Src/main.c:179:5:main	168	static,ignoring_inline_asm
../Core/Src/main.c:346:6:SystemClock_Config	120	static
../Core/Src/main.c:408:13:MX_SDMMC1_MMC_Init	8	static
../Core/Src/main.c:439:13:MX_TIM1_Init	112	static
../Core/Src/main.c:527:13:MX_GPIO_Init	56	static
../Core/Src/main.c:622:6:StartDefaultTask	48	static
../Core/Src/main.c:668:6:ControllerTask	296	static
../Core/Src/main.c:713:6:TelemetryTask	16	static
../Core/Src/main.c:731:6:FileTask	16	static
../Core/Src/main.c:744:6:MPU_Config	24	static
../Core/Src/main.c:812:6:HAL_TIM_PeriodElapsedCallback	16	static
../Core/Src/main.c:830:6:Error_Handler	4	static,ignoring_inline_asm
