../Core/Src/main.c:132:17:ReadU32Be	16	static
../Core/Src/main.c:140:17:ReadU64Be	144	static
../Core/Src/main.c:152:17:ReadU16Be	16	static
../Core/Src/main.c:157:13:WriteU32Be	16	static
../Core/Src/main.c:165:13:WriteU16Be	16	static
../Core/Src/main.c:171:13:WriteU64Be	24	static
../Core/Src/main.c:183:13:ProcessTcpData	128	static
../Core/Src/main.c:228:5:main	160	static,ignoring_inline_asm
../Core/Src/main.c:392:6:SystemClock_Config	120	static
../Core/Src/main.c:454:13:MX_SDMMC1_MMC_Init	8	static
../Core/Src/main.c:485:13:MX_TIM1_Init	112	static
../Core/Src/main.c:573:13:MX_GPIO_Init	56	static
../Core/Src/main.c:668:6:StartDefaultTask	48	static
../Core/Src/main.c:714:6:ControllerTask	224	static
../Core/Src/main.c:793:6:TelemetryTask	16	static
../Core/Src/main.c:811:6:FileTask	280	static
../Core/Src/main.c:1010:6:MPU_Config	24	static
../Core/Src/main.c:1078:6:HAL_TIM_PeriodElapsedCallback	16	static
../Core/Src/main.c:1096:6:Error_Handler	4	static,ignoring_inline_asm
