../Core/Src/main.c:132:17:ReadU32Be	1
../Core/Src/main.c:140:17:ReadU64Be	1
../Core/Src/main.c:152:17:ReadU16Be	1
../Core/Src/main.c:157:13:WriteU32Be	1
../Core/Src/main.c:165:13:WriteU16Be	1
../Core/Src/main.c:171:13:WriteU64Be	1
../Core/Src/main.c:183:13:ProcessTcpData	7
../Core/Src/main.c:228:5:main	13
../Core/Src/main.c:392:6:SystemClock_Config	4
../Core/Src/main.c:454:13:MX_SDMMC1_MMC_Init	2
../Core/Src/main.c:485:13:MX_TIM1_Init	9
../Core/Src/main.c:573:13:MX_GPIO_Init	1
../Core/Src/main.c:668:6:StartDefaultTask	1
../Core/Src/main.c:714:6:ControllerTask	14
../Core/Src/main.c:793:6:TelemetryTask	1
../Core/Src/main.c:811:6:FileTask	18
../Core/Src/main.c:1010:6:MPU_Config	1
../Core/Src/main.c:1078:6:HAL_TIM_PeriodElapsedCallback	2
../Core/Src/main.c:1096:6:Error_Handler	1
