../Core/Src/main.c:116:5:main	16	static
../Core/Src/main.c:205:6:SystemClock_Config	120	static
../Core/Src/main.c:268:6:PeriphCommonClock_Config	200	static
../Core/Src/main.c:287:13:MX_ETH_Init	8	static
../Core/Src/main.c:336:13:MX_FDCAN2_Init	8	static
../Core/Src/main.c:389:13:MX_I2C1_Init	8	static
../Core/Src/main.c:437:13:MX_SDMMC1_MMC_Init	8	static
../Core/Src/main.c:468:13:MX_SDMMC2_MMC_Init	8	static
../Core/Src/main.c:499:13:MX_SPI1_Init	8	static
../Core/Src/main.c:546:13:MX_SPI5_Init	8	static
../Core/Src/main.c:594:13:MX_UART4_Init	8	static
../Core/Src/main.c:642:13:MX_USART2_UART_Init	8	static
../Core/Src/main.c:690:13:MX_USB_OTG_FS_PCD_Init	8	static
../Core/Src/main.c:726:13:MX_GPIO_Init	32	static
../Core/Src/main.c:751:6:MPU_Config	24	static
../Core/Src/main.c:782:6:Error_Handler	4	static,ignoring_inline_asm
