../Core/Src/main.c:139:17:ReadU32Be	16	static
../Core/Src/main.c:147:17:ReadU64Be	144	static
../Core/Src/main.c:159:17:ReadU16Be	16	static
../Core/Src/main.c:164:13:WriteU32Be	16	static
../Core/Src/main.c:172:13:WriteU16Be	16	static
../Core/Src/main.c:178:13:WriteU64Be	24	static
../Core/Src/main.c:190:13:ProcessTcpData	128	static
../Core/Src/main.c:228:13:InitTestStreamChunk	16	static
../Core/Src/main.c:238:16:FileStreamRead	48	static
../Core/Src/main.c:277:13:FileStreamDone	24	static
../Core/Src/main.c:287:16:TestStreamRead	32	static
../Core/Src/main.c:304:13:TestStreamDone	24	static
../Core/Src/main.c:321:5:main	160	static,ignoring_inline_asm
../Core/Src/main.c:474:6:SystemClock_Config	120	static
../Core/Src/main.c:536:13:MX_TIM1_Init	112	static
../Core/Src/main.c:624:13:MX_GPIO_Init	56	static
../Core/Src/main.c:719:6:StartDefaultTask	48	static
../Core/Src/main.c:765:6:ControllerTask	408	static
../Core/Src/main.c:887:6:TelemetryTask	16	static
../Core/Src/main.c:905:6:FileTask	336	static
../Core/Src/main.c:1073:6:MPU_Config	24	static
../Core/Src/main.c:1141:6:HAL_TIM_PeriodElapsedCallback	16	static
../Core/Src/main.c:1159:6:Error_Handler	4	static,ignoring_inline_asm
