../Core/Src/main.c:126:17:ReadU32Be	16	static
../Core/Src/main.c:134:17:ReadU64Be	144	static
../Core/Src/main.c:146:13:WriteU32Be	16	static
../Core/Src/main.c:154:13:WriteU64Be	24	static
../Core/Src/main.c:166:13:ProcessTcpData	136	static
../Core/Src/main.c:203:5:main	160	static,ignoring_inline_asm
../Core/Src/main.c:367:6:SystemClock_Config	120	static
../Core/Src/main.c:429:13:MX_SDMMC1_MMC_Init	8	static
../Core/Src/main.c:460:13:MX_TIM1_Init	112	static
../Core/Src/main.c:548:13:MX_GPIO_Init	56	static
../Core/Src/main.c:643:6:StartDefaultTask	48	static
../Core/Src/main.c:689:6:ControllerTask	232	static
../Core/Src/main.c:754:6:TelemetryTask	16	static
../Core/Src/main.c:772:6:FileTask	256	static
../Core/Src/main.c:864:6:MPU_Config	24	static
../Core/Src/main.c:932:6:HAL_TIM_PeriodElapsedCallback	16	static
../Core/Src/main.c:950:6:Error_Handler	4	static,ignoring_inline_asm
