../Core/Src/main.c:109:5:main	80	static,ignoring_inline_asm
../Core/Src/main.c:265:6:SystemClock_Config	120	static
../Core/Src/main.c:327:13:MX_SDMMC1_MMC_Init	8	static
../Core/Src/main.c:358:13:MX_TIM1_Init	112	static
../Core/Src/main.c:446:13:MX_GPIO_Init	56	static
../Core/Src/main.c:541:6:StartDefaultTask	192	static
../Core/Src/main.c:593:6:MPU_Config	24	static
../Core/Src/main.c:658:6:HAL_TIM_PeriodElapsedCallback	16	static
../Core/Src/main.c:676:6:Error_Handler	4	static,ignoring_inline_asm
