../Core/Src/main.c:157:17:ReadU32Be	16	static
../Core/Src/main.c:165:17:ReadU64Be	144	static
../Core/Src/main.c:177:17:ReadU16Be	16	static
../Core/Src/main.c:182:13:WriteU32Be	16	static
../Core/Src/main.c:190:13:WriteU16Be	16	static
../Core/Src/main.c:196:13:WriteU64Be	24	static
../Core/Src/main.c:208:13:ProcessTcpData	128	static
../Core/Src/main.c:246:13:InitTestStreamChunk	16	static
../Core/Src/main.c:256:16:FileStreamRead	32	static
../Core/Src/main.c:270:13:FileStreamDone	24	static
../Core/Src/main.c:281:16:TestStreamRead	32	static
../Core/Src/main.c:298:13:TestStreamDone	24	static
../Core/Src/main.c:315:5:main	160	static,ignoring_inline_asm
../Core/Src/main.c:487:6:SystemClock_Config	120	static
../Core/Src/main.c:549:13:MX_SDMMC1_MMC_Init	8	static
../Core/Src/main.c:580:13:MX_TIM1_Init	112	static
../Core/Src/main.c:668:13:MX_GPIO_Init	56	static
../Core/Src/main.c:763:6:StartDefaultTask	48	static
../Core/Src/main.c:809:6:ControllerTask	224	static
../Core/Src/main.c:895:6:TelemetryTask	16	static
../Core/Src/main.c:913:6:FileTask	280	static
../Core/Src/main.c:1138:6:MPU_Config	24	static
../Core/Src/main.c:1206:6:HAL_TIM_PeriodElapsedCallback	16	static
../Core/Src/main.c:1224:6:Error_Handler	4	static,ignoring_inline_asm
