../Core/Src/main.c:113:5:main	136	static,ignoring_inline_asm
../Core/Src/main.c:276:6:SystemClock_Config	120	static
../Core/Src/main.c:338:13:MX_SDMMC1_MMC_Init	8	static
../Core/Src/main.c:369:13:MX_TIM1_Init	112	static
../Core/Src/main.c:457:13:MX_GPIO_Init	56	static
../Core/Src/main.c:552:6:StartDefaultTask	32	static
../Core/Src/main.c:598:6:ControllerTask	16	static
../Core/Src/main.c:616:6:TelemetryTask	16	static
../Core/Src/main.c:629:6:MPU_Config	24	static
../Core/Src/main.c:697:6:HAL_TIM_PeriodElapsedCallback	16	static
../Core/Src/main.c:715:6:Error_Handler	4	static,ignoring_inline_asm
