../Core/Src/main.c:115:5:main	168	static,ignoring_inline_asm
../Core/Src/main.c:282:6:SystemClock_Config	120	static
../Core/Src/main.c:344:13:MX_SDMMC1_MMC_Init	8	static
../Core/Src/main.c:375:13:MX_TIM1_Init	112	static
../Core/Src/main.c:463:13:MX_GPIO_Init	56	static
../Core/Src/main.c:558:6:StartDefaultTask	32	static
../Core/Src/main.c:604:6:ControllerTask	16	static
../Core/Src/main.c:622:6:TelemetryTask	16	static
../Core/Src/main.c:640:6:FileTask	16	static
../Core/Src/main.c:653:6:MPU_Config	24	static
../Core/Src/main.c:721:6:HAL_TIM_PeriodElapsedCallback	16	static
../Core/Src/main.c:739:6:Error_Handler	4	static,ignoring_inline_asm
