../Core/Src/main.c:131:17:ReadU32Be	16	static
../Core/Src/main.c:139:17:ReadU64Be	144	static
../Core/Src/main.c:151:13:WriteU32Be	16	static
../Core/Src/main.c:159:13:WriteU16Be	16	static
../Core/Src/main.c:165:13:WriteU64Be	24	static
../Core/Src/main.c:177:13:ProcessTcpData	136	static
../Core/Src/main.c:214:5:main	160	static,ignoring_inline_asm
../Core/Src/main.c:378:6:SystemClock_Config	120	static
../Core/Src/main.c:440:13:MX_SDMMC1_MMC_Init	8	static
../Core/Src/main.c:471:13:MX_TIM1_Init	112	static
../Core/Src/main.c:559:13:MX_GPIO_Init	56	static
../Core/Src/main.c:654:6:StartDefaultTask	48	static
../Core/Src/main.c:700:6:ControllerTask	232	static
../Core/Src/main.c:772:6:TelemetryTask	16	static
../Core/Src/main.c:790:6:FileTask	272	static
../Core/Src/main.c:924:6:MPU_Config	24	static
../Core/Src/main.c:992:6:HAL_TIM_PeriodElapsedCallback	16	static
../Core/Src/main.c:1010:6:Error_Handler	4	static,ignoring_inline_asm
