C:/Users/vigne/STM32CubeIDE/workspace/AEMSv02-Firmware/Common/Src/emmc_fs.c:24:13:EmmcFs_WriteU32Be	16	static
C:/Users/vigne/STM32CubeIDE/workspace/AEMSv02-Firmware/Common/Src/emmc_fs.c:32:13:EmmcFs_WriteU64Be	24	static
C:/Users/vigne/STM32CubeIDE/workspace/AEMSv02-Firmware/Common/Src/emmc_fs.c:44:13:EmmcFs_Lock	8	static
C:/Users/vigne/STM32CubeIDE/workspace/AEMSv02-Firmware/Common/Src/emmc_fs.c:49:13:EmmcFs_Unlock	8	static
C:/Users/vigne/STM32CubeIDE/workspace/AEMSv02-Firmware/Common/Src/emmc_fs.c:54:23:EmmcFs_EnsureLinked	8	static
C:/Users/vigne/STM32CubeIDE/workspace/AEMSv02-Firmware/Common/Src/emmc_fs.c:69:16:EmmcFs_IsDatFile	24	static
C:/Users/vigne/STM32CubeIDE/workspace/AEMSv02-Firmware/Common/Src/emmc_fs.c:112:23:EmmcFs_EnsureMounted	16	static
C:/Users/vigne/STM32CubeIDE/workspace/AEMSv02-Firmware/Common/Src/emmc_fs.c:137:16:EmmcFs_Init	16	static
C:/Users/vigne/STM32CubeIDE/workspace/AEMSv02-Firmware/Common/Src/emmc_fs.c:148:16:EmmcFs_MountOrFormat	24	static
C:/Users/vigne/STM32CubeIDE/workspace/AEMSv02-Firmware/Common/Src/emmc_fs.c:198:16:EmmcFs_WriteConfigMain	600	static
C:/Users/vigne/STM32CubeIDE/workspace/AEMSv02-Firmware/Common/Src/emmc_fs.c:264:16:EmmcFs_CountDatFiles	376	static
