../Library/eth/tcpclient.c:29:13:TcpClient_CloseSocket	8	static
../Library/eth/tcpclient.c:41:16:TcpClient_SetNonBlocking	24	static
../Library/eth/tcpclient.c:62:16:TcpClient_ConnectOnce	80	static
../Library/eth/tcpclient.c:163:13:TcpClient_ProcessRx	120	static
../Library/eth/tcpclient.c:190:13:TcpClient_SendQueued	24	static
../Library/eth/tcpclient.c:212:13:TcpClient_Task	160	static
../Library/eth/tcpclient.c:280:6:TcpClient_BuildConfig	24	static
../Library/eth/tcpclient.c:298:9:TcpClient_Init	32	static
../Library/eth/tcpclient.c:333:9:TcpClient_Send	24	static
../Library/eth/tcpclient.c:367:9:TcpClient_IsConnected	4	static
../Library/eth/tcpclient.c:372:6:TcpClient_RequestReconnect	4	static
