../Library/eth/tcpclient.c:31:13:TcpClient_CloseSocket	8	static
../Library/eth/tcpclient.c:43:16:TcpClient_SetNonBlocking	24	static
../Library/eth/tcpclient.c:64:16:TcpClient_ConnectOnce	80	static
../Library/eth/tcpclient.c:165:13:TcpClient_ProcessRx	328	static
../Library/eth/tcpclient.c:188:13:TcpClient_SendQueued	24	static
../Library/eth/tcpclient.c:210:13:TcpClient_Task	160	static
../Library/eth/tcpclient.c:278:6:TcpClient_BuildConfig	24	static
../Library/eth/tcpclient.c:294:9:TcpClient_Init	24	static
../Library/eth/tcpclient.c:329:9:TcpClient_Send	24	static
../Library/eth/tcpclient.c:363:9:TcpClient_IsConnected	4	static
../Library/eth/tcpclient.c:368:6:TcpClient_RequestReconnect	4	static
