Archive member included to satisfy reference by file (symbol)

C:/ST/STM32CubeIDE_2.0.0/STM32CubeIDE/plugins/com.st.stm32cube.ide.mcu.externaltools.gnu-tools-for-stm32.13.3.rel1.win32_1.0.100.202509120712/tools/bin/../lib/gcc/arm-none-eabi/13.3.1/../../../../arm-none-eabi/lib/thumb/v7e-m+fp/hard\libc_nano.a(libc_a-exit.o)
                              C:/ST/STM32CubeIDE_2.0.0/STM32CubeIDE/plugins/com.st.stm32cube.ide.mcu.externaltools.gnu-tools-for-stm32.13.3.rel1.win32_1.0.100.202509120712/tools/bin/../lib/gcc/arm-none-eabi/13.3.1/../../../../arm-none-eabi/lib/thumb/v7e-m+fp/hard/crt0.o (exit)
C:/ST/STM32CubeIDE_2.0.0/STM32CubeIDE/plugins/com.st.stm32cube.ide.mcu.externaltools.gnu-tools-for-stm32.13.3.rel1.win32_1.0.100.202509120712/tools/bin/../lib/gcc/arm-none-eabi/13.3.1/../../../../arm-none-eabi/lib/thumb/v7e-m+fp/hard\libc_nano.a(libc_a-findfp.o)
                              C:/ST/STM32CubeIDE_2.0.0/STM32CubeIDE/plugins/com.st.stm32cube.ide.mcu.externaltools.gnu-tools-for-stm32.13.3.rel1.win32_1.0.100.202509120712/tools/bin/../lib/gcc/arm-none-eabi/13.3.1/../../../../arm-none-eabi/lib/thumb/v7e-m+fp/hard\libc_nano.a(libc_a-exit.o) (__stdio_exit_handler)
C:/ST/STM32CubeIDE_2.0.0/STM32CubeIDE/plugins/com.st.stm32cube.ide.mcu.externaltools.gnu-tools-for-stm32.13.3.rel1.win32_1.0.100.202509120712/tools/bin/../lib/gcc/arm-none-eabi/13.3.1/../../../../arm-none-eabi/lib/thumb/v7e-m+fp/hard\libc_nano.a(libc_a-fwalk.o)
                              C:/ST/STM32CubeIDE_2.0.0/STM32CubeIDE/plugins/com.st.stm32cube.ide.mcu.externaltools.gnu-tools-for-stm32.13.3.rel1.win32_1.0.100.202509120712/tools/bin/../lib/gcc/arm-none-eabi/13.3.1/../../../../arm-none-eabi/lib/thumb/v7e-m+fp/hard\libc_nano.a(libc_a-findfp.o) (_fwalk_sglue)
C:/ST/STM32CubeIDE_2.0.0/STM32CubeIDE/plugins/com.st.stm32cube.ide.mcu.externaltools.gnu-tools-for-stm32.13.3.rel1.win32_1.0.100.202509120712/tools/bin/../lib/gcc/arm-none-eabi/13.3.1/../../../../arm-none-eabi/lib/thumb/v7e-m+fp/hard\libc_nano.a(libc_a-stdio.o)
                              C:/ST/STM32CubeIDE_2.0.0/STM32CubeIDE/plugins/com.st.stm32cube.ide.mcu.externaltools.gnu-tools-for-stm32.13.3.rel1.win32_1.0.100.202509120712/tools/bin/../lib/gcc/arm-none-eabi/13.3.1/../../../../arm-none-eabi/lib/thumb/v7e-m+fp/hard\libc_nano.a(libc_a-findfp.o) (__sread)
C:/ST/STM32CubeIDE_2.0.0/STM32CubeIDE/plugins/com.st.stm32cube.ide.mcu.externaltools.gnu-tools-for-stm32.13.3.rel1.win32_1.0.100.202509120712/tools/bin/../lib/gcc/arm-none-eabi/13.3.1/../../../../arm-none-eabi/lib/thumb/v7e-m+fp/hard\libc_nano.a(libc_a-memset.o)
                              C:/ST/STM32CubeIDE_2.0.0/STM32CubeIDE/plugins/com.st.stm32cube.ide.mcu.externaltools.gnu-tools-for-stm32.13.3.rel1.win32_1.0.100.202509120712/tools/bin/../lib/gcc/arm-none-eabi/13.3.1/../../../../arm-none-eabi/lib/thumb/v7e-m+fp/hard/crt0.o (memset)
C:/ST/STM32CubeIDE_2.0.0/STM32CubeIDE/plugins/com.st.stm32cube.ide.mcu.externaltools.gnu-tools-for-stm32.13.3.rel1.win32_1.0.100.202509120712/tools/bin/../lib/gcc/arm-none-eabi/13.3.1/../../../../arm-none-eabi/lib/thumb/v7e-m+fp/hard\libc_nano.a(libc_a-closer.o)
                              C:/ST/STM32CubeIDE_2.0.0/STM32CubeIDE/plugins/com.st.stm32cube.ide.mcu.externaltools.gnu-tools-for-stm32.13.3.rel1.win32_1.0.100.202509120712/tools/bin/../lib/gcc/arm-none-eabi/13.3.1/../../../../arm-none-eabi/lib/thumb/v7e-m+fp/hard\libc_nano.a(libc_a-stdio.o) (_close_r)
C:/ST/STM32CubeIDE_2.0.0/STM32CubeIDE/plugins/com.st.stm32cube.ide.mcu.externaltools.gnu-tools-for-stm32.13.3.rel1.win32_1.0.100.202509120712/tools/bin/../lib/gcc/arm-none-eabi/13.3.1/../../../../arm-none-eabi/lib/thumb/v7e-m+fp/hard\libc_nano.a(libc_a-reent.o)
                              C:/ST/STM32CubeIDE_2.0.0/STM32CubeIDE/plugins/com.st.stm32cube.ide.mcu.externaltools.gnu-tools-for-stm32.13.3.rel1.win32_1.0.100.202509120712/tools/bin/../lib/gcc/arm-none-eabi/13.3.1/../../../../arm-none-eabi/lib/thumb/v7e-m+fp/hard\libc_nano.a(libc_a-closer.o) (errno)
C:/ST/STM32CubeIDE_2.0.0/STM32CubeIDE/plugins/com.st.stm32cube.ide.mcu.externaltools.gnu-tools-for-stm32.13.3.rel1.win32_1.0.100.202509120712/tools/bin/../lib/gcc/arm-none-eabi/13.3.1/../../../../arm-none-eabi/lib/thumb/v7e-m+fp/hard\libc_nano.a(libc_a-impure.o)
                              C:/ST/STM32CubeIDE_2.0.0/STM32CubeIDE/plugins/com.st.stm32cube.ide.mcu.externaltools.gnu-tools-for-stm32.13.3.rel1.win32_1.0.100.202509120712/tools/bin/../lib/gcc/arm-none-eabi/13.3.1/../../../../arm-none-eabi/lib/thumb/v7e-m+fp/hard\libc_nano.a(libc_a-reent.o) (_impure_ptr)
C:/ST/STM32CubeIDE_2.0.0/STM32CubeIDE/plugins/com.st.stm32cube.ide.mcu.externaltools.gnu-tools-for-stm32.13.3.rel1.win32_1.0.100.202509120712/tools/bin/../lib/gcc/arm-none-eabi/13.3.1/../../../../arm-none-eabi/lib/thumb/v7e-m+fp/hard\libc_nano.a(libc_a-lseekr.o)
[...]
Memory Configuration

Name             Origin             Length             Attributes
FLASH            0x08100000         0x00100000         xr
RAM              0x10000000         0x00048000         xrw
*default*        0x00000000         0xffffffff

Linker script and memory map

LOAD C:/ST/STM32CubeIDE_2.0.0/STM32CubeIDE/plugins/com.st.stm32cube.ide.mcu.externaltools.gnu-tools-for-stm32.13.3.rel1.win32_1.0.100.202509120712/tools/bin/../lib/gcc/arm-none-eabi/13.3.1/thumb/v7e-m+fp/hard/crti.o
LOAD C:/ST/STM32CubeIDE_2.0.0/STM32CubeIDE/plugins/com.st.stm32cube.ide.mcu.externaltools.gnu-tools-for-stm32.13.3.rel1.win32_1.0.100.202509120712/tools/bin/../lib/gcc/arm-none-eabi/13.3.1/thumb/v7e-m+fp/hard/crtbegin.o
LOAD C:/ST/STM32CubeIDE_2.0.0/STM32CubeIDE/plugins/com.st.stm32cube.ide.mcu.externaltools.gnu-tools-for-stm32.13.3.rel1.win32_1.0.100.202509120712/tools/bin/../lib/gcc/arm-none-eabi/13.3.1/../../../../arm-none-eabi/lib/thumb/v7e-m+fp/hard/crt0.o
LOAD ./Common/Src/mmc_diskio.o
LOAD ./Common/Src/system_stm32h7xx_dualcore_boot_cm4_cm7.o
LOAD ./Core/Src/main.o
LOAD ./Core/Src/stm32h7xx_hal_msp.o
LOAD ./Core/Src/stm32h7xx_it.o
LOAD ./Core/Src/syscalls.o
LOAD ./Core/Src/sysmem.o
LOAD ./Core/Startup/startup_stm32h745zitx.o
LOAD ./Drivers/STM32H7xx_HAL_Driver/stm32h7xx_hal.o
LOAD ./Drivers/STM32H7xx_HAL_Driver/stm32h7xx_hal_cortex.o
LOAD ./Drivers/STM32H7xx_HAL_Driver/stm32h7xx_hal_dma.o
LOAD ./Drivers/STM32H7xx_HAL_Driver/stm32h7xx_hal_dma_ex.o
LOAD ./Drivers/STM32H7xx_HAL_Driver/stm32h7xx_hal_exti.o
LOAD ./Drivers/STM32H7xx_HAL_Driver/stm32h7xx_hal_flash.o
LOAD ./Drivers/STM32H7xx_HAL_Driver/stm32h7xx_hal_flash_ex.o
LOAD ./Drivers/STM32H7xx_HAL_Driver/stm32h7xx_hal_gpio.o
LOAD ./Drivers/STM32H7xx_HAL_Driver/stm32h7xx_hal_hsem.o
LOAD ./Drivers/STM32H7xx_HAL_Driver/stm32h7xx_hal_i2c.o
LOAD ./Drivers/STM32H7xx_HAL_Driver/stm32h7xx_hal_i2c_ex.o
LOAD ./Drivers/STM32H7xx_HAL_Driver/stm32h7xx_hal_mdma.o
LOAD ./Drivers/STM32H7xx_HAL_Driver/stm32h7xx_hal_mmc.o
LOAD ./Drivers/STM32H7xx_HAL_Driver/stm32h7xx_hal_mmc_ex.o
LOAD ./Drivers/STM32H7xx_HAL_Driver/stm32h7xx_hal_pwr.o
LOAD ./Drivers/STM32H7xx_HAL_Driver/stm32h7xx_hal_pwr_ex.o
LOAD ./Drivers/STM32H7xx_HAL_Driver/stm32h7xx_hal_rcc.o
LOAD ./Drivers/STM32H7xx_HAL_Driver/stm32h7xx_hal_rcc_ex.o
LOAD ./Drivers/STM32H7xx_HAL_Driver/stm32h7xx_hal_sd.o
LOAD ./Drivers/STM32H7xx_HAL_Driver/stm32h7xx_hal_sd_ex.o
LOAD ./Drivers/STM32H7xx_HAL_Driver/stm32h7xx_hal_spi.o
LOAD ./Drivers/STM32H7xx_HAL_Driver/stm32h7xx_hal_spi_ex.o
LOAD ./Drivers/STM32H7xx_HAL_Driver/stm32h7xx_hal_tim.o
LOAD ./Drivers/STM32H7xx_HAL_Driver/stm32h7xx_hal_tim_ex.o
LOAD ./Drivers/STM32H7xx_HAL_Driver/stm32h7xx_ll_delayblock.o
LOAD ./Drivers/STM32H7xx_HAL_Driver/stm32h7xx_ll_sdmmc.o
LOAD ./FATFS/App/fatfs.o
LOAD ./FATFS/Target/user_diskio.o
LOAD ./Library/ads131m08/ads131m08.o
LOAD ./Middlewares/Third_Party/FatFs/ccsbcs.o
LOAD ./Middlewares/Third_Party/FatFs/diskio.o
LOAD ./Middlewares/Third_Party/FatFs/ff.o
LOAD ./Middlewares/Third_Party/FatFs/ff_gen_drv.o
LOAD ./Middlewares/Third_Party/FatFs/syscall.o
START GROUP
LOAD C:/ST/STM32CubeIDE_2.0.0/STM32CubeIDE/plugins/com.st.stm32cube.ide.mcu.externaltools.gnu-tools-for-stm32.13.3.rel1.win32_1.0.100.202509120712/tools/bin/../lib/gcc/arm-none-eabi/13.3.1/../../../../arm-none-eabi/lib/thumb/v7e-m+fp/hard\libc_nano.a
LOAD C:/ST/STM32CubeIDE_2.0.0/STM32CubeIDE/plugins/com.st.stm32cube.ide.mcu.externaltools.gnu-tools-for-stm32.13.3.rel1.win32_1.0.100.202509120712/tools/bin/../lib/gcc/arm-none-eabi/13.3.1/../../../../arm-none-eabi/lib/thumb/v7e-m+fp/hard\libm.a
END GROUP
START GROUP
LOAD C:/ST/STM32CubeIDE_2.0.0/STM32CubeIDE/plugins/com.st.stm32cube.ide.mcu.externaltools.gnu-tools-for-stm32.13.3.rel1.win32_1.0.100.202509120712/tools/bin/../lib/gcc/arm-none-eabi/13.3.1/thumb/v7e-m+fp/hard\libgcc.a
LOAD C:/ST/STM32CubeIDE_2.0.0/STM32CubeIDE/plugins/com.st.stm32cube.ide.mcu.externaltools.gnu-tools-for-stm32.13.3.rel1.win32_1.0.100.202509120712/tools/bin/../lib/gcc/arm-none-eabi/13.3.1/../../../../arm-none-eabi/lib/thumb/v7e-m+fp/hard\libc_nano.a
END GROUP
START GROUP
LOAD C:/ST/STM32CubeIDE_2.0.0/STM32CubeIDE/plugins/com.st.stm32cube.ide.mcu.externaltools.gnu-tools-for-stm32.13.3.rel1.win32_1.0.100.202509120712/tools/bin/../lib/gcc/arm-none-eabi/13.3.1/thumb/v7e-m+fp/hard\libgcc.a
LOAD C:/ST/STM32CubeIDE_2.0.0/STM32CubeIDE/plugins/com.st.stm32cube.ide.mcu.externaltools.gnu-tools-for-stm32.13.3.rel1.win32_1.0.100.202509120712/tools/bin/../lib/gcc/arm-none-eabi/13.3.1/../../../../arm-none-eabi/lib/thumb/v7e-m+fp/hard\libc_nano.a
LOAD C:/ST/STM32CubeIDE_2.0.0/STM32CubeIDE/plugins/com.st.stm32cube.ide.mcu.externaltools.gnu-tools-for-stm32.13.3.rel1.win32_1.0.100.202509120712/tools/bin/../lib/gcc/arm-none-eabi/13.3.1/../../../../arm-none-eabi/lib/thumb/v7e-m+fp/hard\libnosys.a
END GROUP
START GROUP
LOAD C:/ST/STM32CubeIDE_2.0.0/STM32CubeIDE/plugins/com.st.stm32cube.ide.mcu.externaltools.gnu-tools-for-stm32.13.3.rel1.win32_1.0.100.202509120712/tools/bin/../lib/gcc/arm-none-eabi/13.3.1/thumb/v7e-m+fp/hard\libgcc.a
LOAD C:/ST/STM32CubeIDE_2.0.0/STM32CubeIDE/plugins/com.st.stm32cube.ide.mcu.externaltools.gnu-tools-for-stm32.13.3.rel1.win32_1.0.100.202509120712/tools/bin/../lib/gcc/arm-none-eabi/13.3.1/../../../../arm-none-eabi/lib/thumb/v7e-m+fp/hard\libc_nano.a
LOAD C:/ST/STM32CubeIDE_2.0.0/STM32CubeIDE/plugins/com.st.stm32cube.ide.mcu.externaltools.gnu-tools-for-stm32.13.3.rel1.win32_1.0.100.202509120712/tools/bin/../lib/gcc/arm-none-eabi/13.3.1/../../../../arm-none-eabi/lib/thumb/v7e-m+fp/hard\libnosys.a
END GROUP
LOAD C:/ST/STM32CubeIDE_2.0.0/STM32CubeIDE/plugins/com.st.stm32cube.ide.mcu.externaltools.gnu-tools-for-stm32.13.3.rel1.win32_1.0.100.202509120712/tools/bin/../lib/gcc/arm-none-eabi/13.3.1/thumb/v7e-m+fp/hard/crtend.o
LOAD C:/ST/STM32CubeIDE_2.0.0/STM32CubeIDE/plugins/com.st.stm32cube.ide.mcu.externaltools.gnu-tools-for-stm32.13.3.rel1.win32_1.0.100.202509120712/tools/bin/../lib/gcc/arm-none-eabi/13.3.1/thumb/v7e-m+fp/hard/crtn.o
                0x10048000                        _estack = (ORIGIN (RAM) + LENGTH (RAM))
                0x00000200                        _Min_Heap_Size = 0x200
                0x00000400                        _Min_Stack_Size = 0x400

.isr_vector     0x08100000      0x298
                0x08100000                        . = ALIGN (0x4)
 *(.isr_vector)
 .isr_vector    0x08100000      0x298 ./Core/Startup/startup_stm32h745zitx.o
                0x08100000                g_pfnVectors
                0x08100298                        . = ALIGN (0x4)

.text           0x08100298     0x3c50
                0x08100298                        . = ALIGN (0x4)
 *(.text)
 .text          0x08100298       0x40 C:/ST/STM32CubeIDE_2.0.0/STM32CubeIDE/plugins/com.st.stm32cube.ide.mcu.externaltools.gnu-tools-for-stm32.13.3.rel1.win32_1.0.100.202509120712/tools/bin/../lib/gcc/arm-none-eabi/13.3.1/thumb/v7e-m+fp/hard/crtbegin.o
 *(.text*)
 .text.SystemInit
                0x081002d8       0x30 ./Common/Src/system_stm32h7xx_dualcore_boot_cm4_cm7.o
                0x081002d8                SystemInit
 .text.ExitRun0Mode
                0x08100308       0x30 ./Common/Src/system_stm32h7xx_dualcore_boot_cm4_cm7.o
                0x08100308                ExitRun0Mode
 .text.main     0x08100338       0x8c ./Core/Src/main.o
                0x08100338                main
 .text.MX_SPI4_Init
                0x081003c4       0xb0 ./Core/Src/main.o
 .text.MX_GPIO_Init
                0x08100474      0x160 ./Core/Src/main.o
 .text.AEMS_Initialize
                0x081005d4       0x44 ./Core/Src/main.o
                0x081005d4                AEMS_Initialize
 .text.DAQ_Startup
                0x08100618       0x68 ./Core/Src/main.o
                0x08100618                DAQ_Startup
 .text.adcMaster_Startup
                0x08100680       0x14 ./Core/Src/main.o
                0x08100680                adcMaster_Startup
 .text.Error_Handler
                0x08100694        0xc ./Core/Src/main.o
                0x08100694                Error_Handler
 .text.HAL_MspInit
                0x081006a0       0x34 ./Core/Src/stm32h7xx_hal_msp.o
                0x081006a0                HAL_MspInit
 .text.HAL_SPI_MspInit
                0x081006d4       0xd0 ./Core/Src/stm32h7xx_hal_msp.o
                0x081006d4                HAL_SPI_MspInit
 .text.NMI_Handler
                0x081007a4        0x8 ./Core/Src/stm32h7xx_it.o
                0x081007a4                NMI_Handler
 .text.HardFault_Handler
                0x081007ac        0x8 ./Core/Src/stm32h7xx_it.o
                0x081007ac                HardFault_Handler
 .text.MemManage_Handler
                0x081007b4        0x8 ./Core/Src/stm32h7xx_it.o
                0x081007b4                MemManage_Handler
 .text.BusFault_Handler
                0x081007bc        0x8 ./Core/Src/stm32h7xx_it.o
                0x081007bc                BusFault_Handler
 .text.UsageFault_Handler
                0x081007c4        0x8 ./Core/Src/stm32h7xx_it.o
                0x081007c4                UsageFault_Handler
 .text.SVC_Handler
                0x081007cc        0xe ./Core/Src/stm32h7xx_it.o
                0x081007cc                SVC_Handler
 .text.DebugMon_Handler
                0x081007da        0xe ./Core/Src/stm32h7xx_it.o
                0x081007da                DebugMon_Handler
 .text.PendSV_Handler
                0x081007e8        0xe ./Core/Src/stm32h7xx_it.o
                0x081007e8                PendSV_Handler
 .text.SysTick_Handler
                0x081007f6        0xc ./Core/Src/stm32h7xx_it.o
                0x081007f6                SysTick_Handler
 *fill*         0x08100802        0x2 
 .text.Reset_Handler
                0x08100804       0x54 ./Core/Startup/startup_stm32h745zitx.o
                0x08100804                Reset_Handler
 .text.Default_Handler
                0x08100858        0x2 ./Core/Startup/startup_stm32h745zitx.o
                0x08100858                RTC_Alarm_IRQHandler
                0x08100858                EXTI2_IRQHandler
                0x08100858                TIM8_CC_IRQHandler
                0x08100858                HRTIM1_Master_IRQHandler
                0x08100858                UART8_IRQHandler
                0x08100858                SPI4_IRQHandler
                0x08100858                TIM1_CC_IRQHandler
                0x08100858                BDMA_Channel6_IRQHandler
                0x08100858                DMA2_Stream5_IRQHandler
                0x08100858                HRTIM1_FLT_IRQHandler
                0x08100858                JPEG_IRQHandler
                0x08100858                DMA1_Stream5_IRQHandler
                0x08100858                BDMA_Channel1_IRQHandler
                0x08100858                HRTIM1_TIMD_IRQHandler
                0x08100858                TAMP_STAMP_IRQHandler
                0x08100858                EXTI3_IRQHandler
                0x08100858                LPTIM4_IRQHandler
                0x08100858                TIM8_TRG_COM_TIM14_IRQHandler
                0x08100858                LPTIM2_IRQHandler
                0x08100858                DFSDM1_FLT1_IRQHandler
                0x08100858                DMAMUX2_OVR_IRQHandler
                0x08100858                TIM8_UP_TIM13_IRQHandler
                0x08100858                I2C3_ER_IRQHandler
                0x08100858                DFSDM1_FLT2_IRQHandler
                0x08100858                MDMA_IRQHandler
                0x08100858                LPTIM3_IRQHandler
                0x08100858                HSEM1_IRQHandler
                0x08100858                EXTI0_IRQHandler
                0x08100858                I2C2_EV_IRQHandler
                0x08100858                DMA1_Stream2_IRQHandler
                0x08100858                FPU_IRQHandler
                0x08100858                OTG_HS_WKUP_IRQHandler
                0x08100858                FDCAN1_IT1_IRQHandler
                0x08100858                LTDC_ER_IRQHandler
                0x08100858                DMA2_Stream2_IRQHandler
                0x08100858                HRTIM1_TIME_IRQHandler
                0x08100858                SPI1_IRQHandler
                0x08100858                TIM6_DAC_IRQHandler
                0x08100858                DCMI_IRQHandler
                0x08100858                HRTIM1_TIMC_IRQHandler
                0x08100858                DMA2_Stream3_IRQHandler
                0x08100858                SAI2_IRQHandler
                0x08100858                DFSDM1_FLT3_IRQHandler
                0x08100858                USART6_IRQHandler
                0x08100858                TIM17_IRQHandler
                0x08100858                USART3_IRQHandler
                0x08100858                BDMA_Channel7_IRQHandler
                0x08100858                LPTIM5_IRQHandler
                0x08100858                UART5_IRQHandler
                0x08100858                ADC3_IRQHandler
                0x08100858                DMA2_Stream0_IRQHandler
                0x08100858                TIM4_IRQHandler
                0x08100858                BDMA_Channel2_IRQHandler
                0x08100858                QUADSPI_IRQHandler
                0x08100858                I2C1_EV_IRQHandler
                0x08100858                DMA1_Stream6_IRQHandler
                0x08100858                DMAMUX1_OVR_IRQHandler
                0x08100858                DMA1_Stream1_IRQHandler
                0x08100858                TIM16_IRQHandler
                0x08100858                UART4_IRQHandler
                0x08100858                BDMA_Channel5_IRQHandler
                0x08100858                TIM3_IRQHandler
                0x08100858                RCC_IRQHandler
                0x08100858                TIM8_BRK_TIM12_IRQHandler
                0x08100858                TIM1_TRG_COM_IRQHandler
                0x08100858                Default_Handler
                0x08100858                ECC_IRQHandler
                0x08100858                CEC_IRQHandler
                0x08100858                EXTI15_10_IRQHandler
                0x08100858                BDMA_Channel0_IRQHandler
                0x08100858                ADC_IRQHandler
                0x08100858                DMA1_Stream7_IRQHandler
                0x08100858                HRTIM1_TIMA_IRQHandler
                0x08100858                SPI5_IRQHandler
                0x08100858                TIM7_IRQHandler
                0x08100858                SDMMC1_IRQHandler
                0x08100858                TIM5_IRQHandler
                0x08100858                DMA2_Stream7_IRQHandler
                0x08100858                TIM15_IRQHandler
                0x08100858                PVD_AVD_IRQHandler
                0x08100858                I2C3_EV_IRQHandler
                0x08100858                EXTI9_5_IRQHandler
                0x08100858                RTC_WKUP_IRQHandler
                0x08100858                LTDC_IRQHandler
                0x08100858                SAI3_IRQHandler
                0x08100858                ETH_WKUP_IRQHandler
                0x08100858                SPDIF_RX_IRQHandler
                0x08100858                SPI2_IRQHandler
                0x08100858                OTG_HS_EP1_IN_IRQHandler
                0x08100858                DMA1_Stream0_IRQHandler
                0x08100858                CRS_IRQHandler
                0x08100858                CM7_SEV_IRQHandler
                0x08100858                EXTI4_IRQHandler
                0x08100858                RNG_IRQHandler
                0x08100858                CM4_SEV_IRQHandler
                0x08100858                HRTIM1_TIMB_IRQHandler
                0x08100858                FDCAN2_IT1_IRQHandler
                0x08100858                ETH_IRQHandler
                0x08100858                TIM1_UP_IRQHandler
                0x08100858                WWDG_RST_IRQHandler
                0x08100858                BDMA_Channel4_IRQHandler
                0x08100858                OTG_HS_EP1_OUT_IRQHandler
                0x08100858                WWDG_IRQHandler
                0x08100858                SPI6_IRQHandler
                0x08100858                MDIOS_IRQHandler
                0x08100858                I2C4_EV_IRQHandler
                0x08100858                FDCAN2_IT0_IRQHandler
                0x08100858                LPUART1_IRQHandler
                0x08100858                FDCAN1_IT0_IRQHandler
                0x08100858                TIM2_IRQHandler
                0x08100858                OTG_FS_WKUP_IRQHandler
                0x08100858                OTG_HS_IRQHandler
                0x08100858                HSEM2_IRQHandler
                0x08100858                DMA2D_IRQHandler
                0x08100858                TIM1_BRK_IRQHandler
                0x08100858                EXTI1_IRQHandler
                0x08100858                SDMMC2_IRQHandler
                0x08100858                OTG_FS_EP1_OUT_IRQHandler
                0x08100858                BDMA_Channel3_IRQHandler
                0x08100858                HOLD_CORE_IRQHandler
                0x08100858                UART7_IRQHandler
                0x08100858                MDIOS_WKUP_IRQHandler
                0x08100858                USART2_IRQHandler
                0x08100858                DFSDM1_FLT0_IRQHandler
                0x08100858                SAI4_IRQHandler
                0x08100858                I2C2_ER_IRQHandler
                0x08100858                DMA2_Stream1_IRQHandler
                0x08100858                FLASH_IRQHandler
                0x08100858                DMA2_Stream4_IRQHandler
                0x08100858                USART1_IRQHandler
                0x08100858                OTG_FS_IRQHandler
                0x08100858                SPI3_IRQHandler
                0x08100858                WAKEUP_PIN_IRQHandler
                0x08100858                DMA1_Stream4_IRQHandler
                0x08100858                OTG_FS_EP1_IN_IRQHandler
                0x08100858                I2C1_ER_IRQHandler
                0x08100858                FMC_IRQHandler
                0x08100858                FDCAN_CAL_IRQHandler
                0x08100858                SWPMI1_IRQHandler
                0x08100858                COMP1_IRQHandler
                0x08100858                LPTIM1_IRQHandler
                0x08100858                I2C4_ER_IRQHandler
                0x08100858                DMA2_Stream6_IRQHandler
                0x08100858                SAI1_IRQHandler
                0x08100858                DMA1_Stream3_IRQHandler
 *fill*         0x0810085a        0x2 
 .text.HAL_Init
                0x0810085c       0xbc ./Drivers/STM32H7xx_HAL_Driver/stm32h7xx_hal.o
                0x0810085c                HAL_Init
 .text.HAL_InitTick
                0x08100918       0x6c ./Drivers/STM32H7xx_HAL_Driver/stm32h7xx_hal.o
                0x08100918                HAL_InitTick
 .text.HAL_IncTick
                0x08100984       0x28 ./Drivers/STM32H7xx_HAL_Driver/stm32h7xx_hal.o
                0x08100984                HAL_IncTick
 .text.HAL_GetTick
                0x081009ac       0x18 ./Drivers/STM32H7xx_HAL_Driver/stm32h7xx_hal.o
                0x081009ac                HAL_GetTick
 .text.HAL_Delay
                0x081009c4       0x48 ./Drivers/STM32H7xx_HAL_Driver/stm32h7xx_hal.o
                0x081009c4                HAL_Delay
 .text.__NVIC_SetPriorityGrouping
                0x08100a0c       0x48 ./Drivers/STM32H7xx_HAL_Driver/stm32h7xx_hal_cortex.o
 .text.__NVIC_GetPriorityGrouping
                0x08100a54       0x1c ./Drivers/STM32H7xx_HAL_Driver/stm32h7xx_hal_cortex.o
 .text.__NVIC_SetPriority
                0x08100a70       0x54 ./Drivers/STM32H7xx_HAL_Driver/stm32h7xx_hal_cortex.o
 .text.NVIC_EncodePriority
                0x08100ac4       0x66 ./Drivers/STM32H7xx_HAL_Driver/stm32h7xx_hal_cortex.o
 *fill*         0x08100b2a        0x2 
 .text.SysTick_Config
                0x08100b2c       0x44 ./Drivers/STM32H7xx_HAL_Driver/stm32h7xx_hal_cortex.o
 .text.HAL_NVIC_SetPriorityGrouping
                0x08100b70       0x16 ./Drivers/STM32H7xx_HAL_Driver/stm32h7xx_hal_cortex.o
                0x08100b70                HAL_NVIC_SetPriorityGrouping
 .text.HAL_NVIC_SetPriority
                0x08100b86       0x34 ./Drivers/STM32H7xx_HAL_Driver/stm32h7xx_hal_cortex.o
                0x08100b86                HAL_NVIC_SetPriority
 .text.HAL_SYSTICK_Config
                0x08100bba       0x18 ./Drivers/STM32H7xx_HAL_Driver/stm32h7xx_hal_cortex.o
                0x08100bba                HAL_SYSTICK_Config
 *fill*         0x08100bd2        0x2 
 .text.HAL_GetCurrentCPUID
                0x08100bd4       0x24 ./Drivers/STM32H7xx_HAL_Driver/stm32h7xx_hal_cortex.o
                0x08100bd4                HAL_GetCurrentCPUID
 .text.HAL_GPIO_Init
                0x08100bf8      0x360 ./Drivers/STM32H7xx_HAL_Driver/stm32h7xx_hal_gpio.o
                0x08100bf8                HAL_GPIO_Init
 .text.HAL_GPIO_WritePin
                0x08100f58       0x32 ./Drivers/STM32H7xx_HAL_Driver/stm32h7xx_hal_gpio.o
                0x08100f58                HAL_GPIO_WritePin
 *fill*         0x08100f8a        0x2 
 .text.HAL_HSEM_ActivateNotification
                0x08100f8c       0x24 ./Drivers/STM32H7xx_HAL_Driver/stm32h7xx_hal_hsem.o
                0x08100f8c                HAL_HSEM_ActivateNotification
 .text.HAL_PWREx_EnterSTOPMode
                0x08100fb0       0xf4 ./Drivers/STM32H7xx_HAL_Driver/stm32h7xx_hal_pwr_ex.o
                0x08100fb0                HAL_PWREx_EnterSTOPMode
 .text.HAL_PWREx_ClearPendingEvent
                0x081010a4       0x1a ./Drivers/STM32H7xx_HAL_Driver/stm32h7xx_hal_pwr_ex.o
                0x081010a4                HAL_PWREx_ClearPendingEvent
 *fill*         0x081010be        0x2 
 .text.HAL_RCC_MCOConfig
                0x081010c0       0xd4 ./Drivers/STM32H7xx_HAL_Driver/stm32h7xx_hal_rcc.o
                0x081010c0                HAL_RCC_MCOConfig
 .text.HAL_RCC_GetSysClockFreq
                0x08101194      0x2f4 ./Drivers/STM32H7xx_HAL_Driver/stm32h7xx_hal_rcc.o
                0x08101194                HAL_RCC_GetSysClockFreq
 .text.HAL_RCCEx_PeriphCLKConfig
                0x08101488     0x1414 ./Drivers/STM32H7xx_HAL_Driver/stm32h7xx_hal_rcc_ex.o
                0x08101488                HAL_RCCEx_PeriphCLKConfig
 .text.RCCEx_PLL2_Config
                0x0810289c      0x164 ./Drivers/STM32H7xx_HAL_Driver/stm32h7xx_hal_rcc_ex.o
 .text.RCCEx_PLL3_Config
                0x08102a00      0x164 ./Drivers/STM32H7xx_HAL_Driver/stm32h7xx_hal_rcc_ex.o
 .text.HAL_SPI_Init
                0x08102b64      0x248 ./Drivers/STM32H7xx_HAL_Driver/stm32h7xx_hal_spi.o
                0x08102b64                HAL_SPI_Init
 .text.HAL_SPI_TransmitReceive
                0x08102dac      0x670 ./Drivers/STM32H7xx_HAL_Driver/stm32h7xx_hal_spi.o
                0x08102dac                HAL_SPI_TransmitReceive
 .text.SPI_CloseTransfer
                0x0810341c      0x140 ./Drivers/STM32H7xx_HAL_Driver/stm32h7xx_hal_spi.o
 .text.SPI_WaitOnFlagUntilTimeout
                0x0810355c       0x5c ./Drivers/STM32H7xx_HAL_Driver/stm32h7xx_hal_spi.o
 .text.SPI_GetPacketSize
                0x081035b8       0x36 ./Drivers/STM32H7xx_HAL_Driver/stm32h7xx_hal_spi.o
 *fill*         0x081035ee        0x2 
 .text.MX_FATFS_Init
                0x081035f0       0x24 ./FATFS/App/fatfs.o
                0x081035f0                MX_FATFS_Init
 .text.USER_initialize
                0x08103614       0x28 ./FATFS/Target/user_diskio.o
                0x08103614                USER_initialize
 .text.USER_status
                0x0810363c       0x28 ./FATFS/Target/user_diskio.o
                0x0810363c                USER_status
 .text.USER_read
                0x08103664       0x1e ./FATFS/Target/user_diskio.o
                0x08103664                USER_read
 .text.USER_write
                0x08103682       0x1e ./FATFS/Target/user_diskio.o
                0x08103682                USER_write
 .text.USER_ioctl
                0x081036a0       0x22 ./FATFS/Target/user_diskio.o
                0x081036a0                USER_ioctl
 *fill*         0x081036c2        0x2 
 .text.getRegisterValue
                0x081036c4       0x24 ./Library/ads131m08/ads131m08.o
                0x081036c4                getRegisterValue
 .text.setSYNC_RESET
                0x081036e8       0x44 ./Library/ads131m08/ads131m08.o
                0x081036e8                setSYNC_RESET
 .text.toggleRESET
                0x0810372c       0x38 ./Library/ads131m08/ads131m08.o
                0x0810372c                toggleRESET
 .text.adcStartup
                0x08103764       0x42 ./Library/ads131m08/ads131m08.o
                0x08103764                adcStartup
 *fill*         0x081037a6        0x2 
 .text.readSingleRegister
                0x081037a8       0x74 ./Library/ads131m08/ads131m08.o
                0x081037a8                readSingleRegister
 .text.writeSingleRegister
                0x0810381c       0x90 ./Library/ads131m08/ads131m08.o
                0x0810381c                writeSingleRegister
 .text.spiSendReceiveArrays
                0x081038ac       0x68 ./Library/ads131m08/ads131m08.o
                0x081038ac                spiSendReceiveArrays
 .text.calibrate
                0x08103914       0xf8 ./Library/ads131m08/ads131m08.o
                0x08103914                calibrate
 .text.sendCommand
                0x08103a0c       0x98 ./Library/ads131m08/ads131m08.o
                0x08103a0c                sendCommand
 .text.restoreRegisterDefaults
                0x08103aa4      0x17c ./Library/ads131m08/ads131m08.o
                0x08103aa4                restoreRegisterDefaults
 .text.upperByte
                0x08103c20       0x20 ./Library/ads131m08/ads131m08.o
                0x08103c20                upperByte
 .text.lowerByte
                0x08103c40       0x1c ./Library/ads131m08/ads131m08.o
                0x08103c40                lowerByte
 .text.combineBytes
                0x08103c5c       0x30 ./Library/ads131m08/ads131m08.o
                0x08103c5c                combineBytes
 .text.buildSPIarray
                0x08103c8c       0xa0 ./Library/ads131m08/ads131m08.o
                0x08103c8c                buildSPIarray
 .text.enforce_selected_device_modes
                0x08103d2c       0x42 ./Library/ads131m08/ads131m08.o
                0x08103d2c                enforce_selected_device_modes
 *fill*         0x08103d6e        0x2 
 .text.getWordByteLength
                0x08103d70       0x20 ./Library/ads131m08/ads131m08.o
                0x08103d70                getWordByteLength
 .text.spiSendReceiveByte
                0x08103d90       0x30 ./Library/ads131m08/ads131m08.o
                0x08103d90                spiSendReceiveByte
 .text.FATFS_LinkDriverEx
                0x08103dc0       0x98 ./Middlewares/Third_Party/FatFs/ff_gen_drv.o
                0x08103dc0                FATFS_LinkDriverEx
 .text.FATFS_LinkDriver
                0x08103e58       0x1e ./Middlewares/Third_Party/FatFs/ff_gen_drv.o
                0x08103e58                FATFS_LinkDriver
 .text.memset   0x08103e76       0x10 C:/ST/STM32CubeIDE_2.0.0/STM32CubeIDE/plugins/com.st.stm32cube.ide.mcu.externaltools.gnu-tools-for-stm32.13.3.rel1.win32_1.0.100.202509120712/tools/bin/../lib/gcc/arm-none-eabi/13.3.1/../../../../arm-none-eabi/lib/thumb/v7e-m+fp/hard\libc_nano.a(libc_a-memset.o)
                0x08103e76                memset
 *fill*         0x08103e86        0x2 
 .text.__libc_init_array
                0x08103e88       0x48 C:/ST/STM32CubeIDE_2.0.0/STM32CubeIDE/plugins/com.st.stm32cube.ide.mcu.externaltools.gnu-tools-for-stm32.13.3.rel1.win32_1.0.100.202509120712/tools/bin/../lib/gcc/arm-none-eabi/13.3.1/../../../../arm-none-eabi/lib/thumb/v7e-m+fp/hard\libc_nano.a(libc_a-init.o)
                0x08103e88                __libc_init_array
 *(.glue_7)
 .glue_7        0x08103ed0        0x0 linker stubs
 *(.glue_7t)
 .glue_7t       0x08103ed0        0x0 linker stubs
 *(.eh_frame)
 .eh_frame      0x08103ed0        0x0 C:/ST/STM32CubeIDE_2.0.0/STM32CubeIDE/plugins/com.st.stm32cube.ide.mcu.externaltools.gnu-tools-for-stm32.13.3.rel1.win32_1.0.100.202509120712/tools/bin/../lib/gcc/arm-none-eabi/13.3.1/thumb/v7e-m+fp/hard/crtbegin.o
 *(.init)
 .init          0x08103ed0        0x4 C:/ST/STM32CubeIDE_2.0.0/STM32CubeIDE/plugins/com.st.stm32cube.ide.mcu.externaltools.gnu-tools-for-stm32.13.3.rel1.win32_1.0.100.202509120712/tools/bin/../lib/gcc/arm-none-eabi/13.3.1/thumb/v7e-m+fp/hard/crti.o
                0x08103ed0                _init
 .init          0x08103ed4        0x8 C:/ST/STM32CubeIDE_2.0.0/STM32CubeIDE/plugins/com.st.stm32cube.ide.mcu.externaltools.gnu-tools-for-stm32.13.3.rel1.win32_1.0.100.202509120712/tools/bin/../lib/gcc/arm-none-eabi/13.3.1/thumb/v7e-m+fp/hard/crtn.o
 *(.fini)
 .fini          0x08103edc        0x4 C:/ST/STM32CubeIDE_2.0.0/STM32CubeIDE/plugins/com.st.stm32cube.ide.mcu.externaltools.gnu-tools-for-stm32.13.3.rel1.win32_1.0.100.202509120712/tools/bin/../lib/gcc/arm-none-eabi/13.3.1/thumb/v7e-m+fp/hard/crti.o
                0x08103edc                _fini
 .fini          0x08103ee0        0x8 C:/ST/STM32CubeIDE_2.0.0/STM32CubeIDE/plugins/com.st.stm32cube.ide.mcu.externaltools.gnu-tools-for-stm32.13.3.rel1.win32_1.0.100.202509120712/tools/bin/../lib/gcc/arm-none-eabi/13.3.1/thumb/v7e-m+fp/hard/crtn.o
                0x08103ee8                        . = ALIGN (0x4)
                0x08103ee8                        _etext = .

.vfp11_veneer   0x08103ee8        0x0
 .vfp11_veneer  0x08103ee8        0x0 linker stubs

.v4_bx          0x08103ee8        0x0
 .v4_bx         0x08103ee8        0x0 linker stubs

.iplt           0x08103ee8        0x0
 .iplt          0x08103ee8        0x0 C:/ST/STM32CubeIDE_2.0.0/STM32CubeIDE/plugins/com.st.stm32cube.ide.mcu.externaltools.gnu-tools-for-stm32.13.3.rel1.win32_1.0.100.202509120712/tools/bin/../lib/gcc/arm-none-eabi/13.3.1/thumb/v7e-m+fp/hard/crtbegin.o

.rodata         0x08103ee8       0x14
                0x08103ee8                        . = ALIGN (0x4)
 *(.rodata)
 *(.rodata*)
 .rodata.D1CorePrescTable
                0x08103ee8       0x10 ./Common/Src/system_stm32h7xx_dualcore_boot_cm4_cm7.o
                0x08103ee8                D1CorePrescTable
 .rodata.wlength_byte_values
                0x08103ef8        0x4 ./Library/ads131m08/ads131m08.o
                0x08103efc                        . = ALIGN (0x4)

.ARM.extab
 *(.ARM.extab* .gnu.linkonce.armextab.*)

.ARM            0x08103efc        0x0
                0x08103efc                        __exidx_start = .
 *(.ARM.exidx*)
                0x08103efc                        __exidx_end = .

.preinit_array  0x08103efc        0x0
                0x08103efc                        PROVIDE (__preinit_array_start = .)
 *(.preinit_array*)
                0x08103efc                        PROVIDE (__preinit_array_end = .)

.init_array     0x08103efc        0x4
                0x08103efc                        PROVIDE (__init_array_start = .)
 *(SORT_BY_NAME(.init_array.*))
 *(.init_array*)
 .init_array    0x08103efc        0x4 C:/ST/STM32CubeIDE_2.0.0/STM32CubeIDE/plugins/com.st.stm32cube.ide.mcu.externaltools.gnu-tools-for-stm32.13.3.rel1.win32_1.0.100.202509120712/tools/bin/../lib/gcc/arm-none-eabi/13.3.1/thumb/v7e-m+fp/hard/crtbegin.o
                0x08103f00                        PROVIDE (__init_array_end = .)

.fini_array     0x08103f00        0x4
                [!provide]                        PROVIDE (__fini_array_start = .)
 *(SORT_BY_NAME(.fini_array.*))
 *(.fini_array*)
 .fini_array    0x08103f00        0x4 C:/ST/STM32CubeIDE_2.0.0/STM32CubeIDE/plugins/com.st.stm32cube.ide.mcu.externaltools.gnu-tools-for-stm32.13.3.rel1.win32_1.0.100.202509120712/tools/bin/../lib/gcc/arm-none-eabi/13.3.1/thumb/v7e-m+fp/hard/crtbegin.o
                [!provide]                        PROVIDE (__fini_array_end = .)
                0x08103f04                        _sidata = LOADADDR (.data)

.rel.dyn        0x08103f04        0x0
 .rel.iplt      0x08103f04        0x0 C:/ST/STM32CubeIDE_2.0.0/STM32CubeIDE/plugins/com.st.stm32cube.ide.mcu.externaltools.gnu-tools-for-stm32.13.3.rel1.win32_1.0.100.202509120712/tools/bin/../lib/gcc/arm-none-eabi/13.3.1/thumb/v7e-m+fp/hard/crtbegin.o

.data           0x10000000       0x44 load address 0x08103f04
                0x10000000                        . = ALIGN (0x4)
                0x10000000                        _sdata = .
 *(.data)
 *(.data*)
 .data.SystemCoreClock
                0x10000000        0x4 ./Common/Src/system_stm32h7xx_dualcore_boot_cm4_cm7.o
                0x10000000                SystemCoreClock
 .data.SystemD2Clock
                0x10000004        0x4 ./Common/Src/system_stm32h7xx_dualcore_boot_cm4_cm7.o
                0x10000004                SystemD2Clock
 .data.calibration_values
                0x10000008       0x18 ./Core/Src/main.o
                0x10000008                calibration_values
 .data.SYNC_RESET_GPIO_Port
                0x10000020        0x4 ./Core/Src/main.o
                0x10000020                SYNC_RESET_GPIO_Port
 .data.SYNC_RESET_Pin
                0x10000024        0x2 ./Core/Src/main.o
                0x10000024                SYNC_RESET_Pin
 *fill*         0x10000026        0x2 
 .data.uwTickPrio
                0x10000028        0x4 ./Drivers/STM32H7xx_HAL_Driver/stm32h7xx_hal.o
                0x10000028                uwTickPrio
 .data.uwTickFreq
                0x1000002c        0x1 ./Drivers/STM32H7xx_HAL_Driver/stm32h7xx_hal.o
                0x1000002c                uwTickFreq
 .data.Stat     0x1000002d        0x1 ./FATFS/Target/user_diskio.o
 *fill*         0x1000002e        0x2 
 .data.USER_Driver
                0x10000030       0x14 ./FATFS/Target/user_diskio.o
                0x10000030                USER_Driver
 *(.RamFunc)
 *(.RamFunc*)
                0x10000044                        . = ALIGN (0x4)
                0x10000044                        _edata = .

.igot.plt       0x10000044        0x0 load address 0x08103f48
 .igot.plt      0x10000044        0x0 C:/ST/STM32CubeIDE_2.0.0/STM32CubeIDE/plugins/com.st.stm32cube.ide.mcu.externaltools.gnu-tools-for-stm32.13.3.rel1.win32_1.0.100.202509120712/tools/bin/../lib/gcc/arm-none-eabi/13.3.1/thumb/v7e-m+fp/hard/crtbegin.o
                0x10000044                        . = ALIGN (0x4)

.bss            0x10000044      0x14c load address 0x08103f48
                0x10000044                        _sbss = .
                0x10000044                        __bss_start__ = _sbss
 *(.bss)
 .bss           0x10000044       0x1c C:/ST/STM32CubeIDE_2.0.0/STM32CubeIDE/plugins/com.st.stm32cube.ide.mcu.externaltools.gnu-tools-for-stm32.13.3.rel1.win32_1.0.100.202509120712/tools/bin/../lib/gcc/arm-none-eabi/13.3.1/thumb/v7e-m+fp/hard/crtbegin.o
 *(.bss*)
 .bss.hspi4     0x10000060       0x88 ./Core/Src/main.o
                0x10000060                hspi4
 .bss.ads       0x100000e8        0xc ./Core/Src/main.o
                0x100000e8                ads
 .bss.is_adc_armed
                0x100000f4        0x1 ./Core/Src/main.o
                0x100000f4                is_adc_armed
 *fill*         0x100000f5        0x3 
 .bss.uwTick    0x100000f8        0x4 ./Drivers/STM32H7xx_HAL_Driver/stm32h7xx_hal.o
                0x100000f8                uwTick
 .bss.retUSER   0x100000fc        0x1 ./FATFS/App/fatfs.o
                0x100000fc                retUSER
 *fill*         0x100000fd        0x3 
 .bss.USERPath  0x10000100        0x4 ./FATFS/App/fatfs.o
                0x10000100                USERPath
 .bss.registerMap
                0x10000104       0x80 ./Library/ads131m08/ads131m08.o
 .bss.disk      0x10000184        0xc ./Middlewares/Third_Party/FatFs/ff_gen_drv.o
                0x10000184                disk
 *(COMMON)
                0x10000190                        . = ALIGN (0x4)
                0x10000190                        _ebss = .
                0x10000190                        __bss_end__ = _ebss

._user_heap_stack
                0x10000190      0x600 load address 0x08103f48
                0x10000190                        . = ALIGN (0x8)
                [!provide]                        PROVIDE (end = .)
                0x10000190                        PROVIDE (_end = .)
                0x10000390                        . = (. + _Min_Heap_Size)
 *fill*         0x10000190      0x200 
                0x10000790                        . = (. + _Min_Stack_Size)
 *fill*         0x10000390      0x400 
                0x10000790                        . = ALIGN (0x8)

/DISCARD/
 libc.a(*)
 libm.a(*)
 libgcc.a(*)

.ARM.attributes
                0x00000000       0x30
 *(.ARM.attributes)
 .ARM.attributes
                0x00000000       0x22 C:/ST/STM32CubeIDE_2.0.0/STM32CubeIDE/plugins/com.st.stm32cube.ide.mcu.externaltools.gnu-tools-for-stm32.13.3.rel1.win32_1.0.100.202509120712/tools/bin/../lib/gcc/arm-none-eabi/13.3.1/thumb/v7e-m+fp/hard/crti.o
 .ARM.attributes
                0x00000022       0x34 C:/ST/STM32CubeIDE_2.0.0/STM32CubeIDE/plugins/com.st.stm32cube.ide.mcu.externaltools.gnu-tools-for-stm32.13.3.rel1.win32_1.0.100.202509120712/tools/bin/../lib/gcc/arm-none-eabi/13.3.1/thumb/v7e-m+fp/hard/crtbegin.o
 .ARM.attributes
                0x00000056       0x34 ./Common/Src/system_stm32h7xx_dualcore_boot_cm4_cm7.o
 .ARM.attributes
                0x0000008a       0x34 ./Core/Src/main.o
 .ARM.attributes
                0x000000be       0x34 ./Core/Src/stm32h7xx_hal_msp.o
 .ARM.attributes
                0x000000f2       0x34 ./Core/Src/stm32h7xx_it.o
 .ARM.attributes
                0x00000126       0x21 ./Core/Startup/startup_stm32h745zitx.o
 .ARM.attributes
                0x00000147       0x34 ./Drivers/STM32H7xx_HAL_Driver/stm32h7xx_hal.o
 .ARM.attributes
                0x0000017b       0x34 ./Drivers/STM32H7xx_HAL_Driver/stm32h7xx_hal_cortex.o
 .ARM.attributes
                0x000001af       0x34 ./Drivers/STM32H7xx_HAL_Driver/stm32h7xx_hal_gpio.o
 .ARM.attributes
                0x000001e3       0x34 ./Drivers/STM32H7xx_HAL_Driver/stm32h7xx_hal_hsem.o
 .ARM.attributes
                0x00000217       0x34 ./Drivers/STM32H7xx_HAL_Driver/stm32h7xx_hal_pwr_ex.o
 .ARM.attributes
                0x0000024b       0x34 ./Drivers/STM32H7xx_HAL_Driver/stm32h7xx_hal_rcc.o
 .ARM.attributes
                0x0000027f       0x34 ./Drivers/STM32H7xx_HAL_Driver/stm32h7xx_hal_rcc_ex.o
 .ARM.attributes
                0x000002b3       0x34 ./Drivers/STM32H7xx_HAL_Driver/stm32h7xx_hal_spi.o
 .ARM.attributes
                0x000002e7       0x34 ./FATFS/App/fatfs.o
 .ARM.attributes
                0x0000031b       0x34 ./FATFS/Target/user_diskio.o
 .ARM.attributes
                0x0000034f       0x34 ./Library/ads131m08/ads131m08.o
 .ARM.attributes
                0x00000383       0x34 ./Middlewares/Third_Party/FatFs/ff_gen_drv.o
 .ARM.attributes
                0x000003b7       0x34 C:/ST/STM32CubeIDE_2.0.0/STM32CubeIDE/plugins/com.st.stm32cube.ide.mcu.externaltools.gnu-tools-for-stm32.13.3.rel1.win32_1.0.100.202509120712/tools/bin/../lib/gcc/arm-none-eabi/13.3.1/../../../../arm-none-eabi/lib/thumb/v7e-m+fp/hard\libc_nano.a(libc_a-memset.o)
 .ARM.attributes
                0x000003eb       0x34 C:/ST/STM32CubeIDE_2.0.0/STM32CubeIDE/plugins/com.st.stm32cube.ide.mcu.externaltools.gnu-tools-for-stm32.13.3.rel1.win32_1.0.100.202509120712/tools/bin/../lib/gcc/arm-none-eabi/13.3.1/../../../../arm-none-eabi/lib/thumb/v7e-m+fp/hard\libc_nano.a(libc_a-init.o)
 .ARM.attributes
                0x0000041f       0x22 C:/ST/STM32CubeIDE_2.0.0/STM32CubeIDE/plugins/com.st.stm32cube.ide.mcu.externaltools.gnu-tools-for-stm32.13.3.rel1.win32_1.0.100.202509120712/tools/bin/../lib/gcc/arm-none-eabi/13.3.1/thumb/v7e-m+fp/hard/crtn.o
OUTPUT(AEMSv02-Firmware_CM4.elf elf32-littlearm)
LOAD linker stubs
LOAD C:/ST/STM32CubeIDE_2.0.0/STM32CubeIDE/plugins/com.st.stm32cube.ide.mcu.externaltools.gnu-tools-for-stm32.13.3.rel1.win32_1.0.100.202509120712/tools/bin/../lib/gcc/arm-none-eabi/13.3.1/../../../../arm-none-eabi/lib/thumb/v7e-m+fp/hard\libc.a
LOAD C:/ST/STM32CubeIDE_2.0.0/STM32CubeIDE/plugins/com.st.stm32cube.ide.mcu.externaltools.gnu-tools-for-stm32.13.3.rel1.win32_1.0.100.202509120712/tools/bin/../lib/gcc/arm-none-eabi/13.3.1/../../../../arm-none-eabi/lib/thumb/v7e-m+fp/hard\libm.a
LOAD C:/ST/STM32CubeIDE_2.0.0/STM32CubeIDE/plugins/com.st.stm32cube.ide.mcu.externaltools.gnu-tools-for-stm32.13.3.rel1.win32_1.0.100.202509120712/tools/bin/../lib/gcc/arm-none-eabi/13.3.1/thumb/v7e-m+fp/hard\libgcc.a

.debug_info     0x00000000     0xd1f3
 .debug_info    0x00000000      0x823 ./Common/Src/system_stm32h7xx_dualcore_boot_cm4_cm7.o
 .debug_info    0x00000823     0x17e1 ./Core/Src/main.o
 .debug_info    0x00002004     0x1496 ./Core/Src/stm32h7xx_hal_msp.o
 .debug_info    0x0000349a      0x128 ./Core/Src/stm32h7xx_it.o
 .debug_info    0x000035c2       0x30 ./Core/Startup/startup_stm32h745zitx.o
 .debug_info    0x000035f2     0x17b0 ./Drivers/STM32H7xx_HAL_Driver/stm32h7xx_hal.o
 .debug_info    0x00004da2      0xf2c ./Drivers/STM32H7xx_HAL_Driver/stm32h7xx_hal_cortex.o
 .debug_info    0x00005cce      0xd06 ./Drivers/STM32H7xx_HAL_Driver/stm32h7xx_hal_gpio.o
 .debug_info    0x000069d4      0x3d3 ./Drivers/STM32H7xx_HAL_Driver/stm32h7xx_hal_hsem.o
 .debug_info    0x00006da7     0x1030 ./Drivers/STM32H7xx_HAL_Driver/stm32h7xx_hal_pwr_ex.o
 .debug_info    0x00007dd7      0xe67 ./Drivers/STM32H7xx_HAL_Driver/stm32h7xx_hal_rcc.o
 .debug_info    0x00008c3e     0x1303 ./Drivers/STM32H7xx_HAL_Driver/stm32h7xx_hal_rcc_ex.o
 .debug_info    0x00009f41     0x144a ./Drivers/STM32H7xx_HAL_Driver/stm32h7xx_hal_spi.o
 .debug_info    0x0000b38b      0x50f ./FATFS/App/fatfs.o
 .debug_info    0x0000b89a      0x34e ./FATFS/Target/user_diskio.o
 .debug_info    0x0000bbe8     0x1266 ./Library/ads131m08/ads131m08.o
 .debug_info    0x0000ce4e      0x3a5 ./Middlewares/Third_Party/FatFs/ff_gen_drv.o

.debug_abbrev   0x00000000     0x236b
 .debug_abbrev  0x00000000      0x152 ./Common/Src/system_stm32h7xx_dualcore_boot_cm4_cm7.o
 .debug_abbrev  0x00000152      0x3a2 ./Core/Src/main.o
 .debug_abbrev  0x000004f4      0x231 ./Core/Src/stm32h7xx_hal_msp.o
 .debug_abbrev  0x00000725       0x73 ./Core/Src/stm32h7xx_it.o
 .debug_abbrev  0x00000798       0x24 ./Core/Startup/startup_stm32h745zitx.o
 .debug_abbrev  0x000007bc      0x29f ./Drivers/STM32H7xx_HAL_Driver/stm32h7xx_hal.o
 .debug_abbrev  0x00000a5b      0x337 ./Drivers/STM32H7xx_HAL_Driver/stm32h7xx_hal_cortex.o
 .debug_abbrev  0x00000d92      0x205 ./Drivers/STM32H7xx_HAL_Driver/stm32h7xx_hal_gpio.o
 .debug_abbrev  0x00000f97      0x1d3 ./Drivers/STM32H7xx_HAL_Driver/stm32h7xx_hal_hsem.o
 .debug_abbrev  0x0000116a      0x2d6 ./Drivers/STM32H7xx_HAL_Driver/stm32h7xx_hal_pwr_ex.o
 .debug_abbrev  0x00001440      0x2c8 ./Drivers/STM32H7xx_HAL_Driver/stm32h7xx_hal_rcc.o
 .debug_abbrev  0x00001708      0x269 ./Drivers/STM32H7xx_HAL_Driver/stm32h7xx_hal_rcc_ex.o
 .debug_abbrev  0x00001971      0x2b1 ./Drivers/STM32H7xx_HAL_Driver/stm32h7xx_hal_spi.o
 .debug_abbrev  0x00001c22      0x15e ./FATFS/App/fatfs.o
 .debug_abbrev  0x00001d80      0x13c ./FATFS/Target/user_diskio.o
 .debug_abbrev  0x00001ebc      0x310 ./Library/ads131m08/ads131m08.o
 .debug_abbrev  0x000021cc      0x19f ./Middlewares/Third_Party/FatFs/ff_gen_drv.o

.debug_aranges  0x00000000      0xb80
 .debug_aranges
                0x00000000       0x30 ./Common/Src/system_stm32h7xx_dualcore_boot_cm4_cm7.o
 .debug_aranges
                0x00000030       0x70 ./Core/Src/main.o
 .debug_aranges
                0x000000a0       0x40 ./Core/Src/stm32h7xx_hal_msp.o
 .debug_aranges
                0x000000e0       0x60 ./Core/Src/stm32h7xx_it.o
 .debug_aranges
                0x00000140       0x28 ./Core/Startup/startup_stm32h745zitx.o
 .debug_aranges
                0x00000168      0x200 ./Drivers/STM32H7xx_HAL_Driver/stm32h7xx_hal.o
 .debug_aranges
                0x00000368      0x130 ./Drivers/STM32H7xx_HAL_Driver/stm32h7xx_hal_cortex.o
 .debug_aranges
                0x00000498       0x58 ./Drivers/STM32H7xx_HAL_Driver/stm32h7xx_hal_gpio.o
 .debug_aranges
                0x000004f0       0x70 ./Drivers/STM32H7xx_HAL_Driver/stm32h7xx_hal_hsem.o
 .debug_aranges
                0x00000560      0x170 ./Drivers/STM32H7xx_HAL_Driver/stm32h7xx_hal_pwr_ex.o
 .debug_aranges
                0x000006d0       0x88 ./Drivers/STM32H7xx_HAL_Driver/stm32h7xx_hal_rcc.o
 .debug_aranges
                0x00000758      0x100 ./Drivers/STM32H7xx_HAL_Driver/stm32h7xx_hal_rcc_ex.o
 .debug_aranges
                0x00000858      0x1a8 ./Drivers/STM32H7xx_HAL_Driver/stm32h7xx_hal_spi.o
 .debug_aranges
                0x00000a00       0x28 ./FATFS/App/fatfs.o
 .debug_aranges
                0x00000a28       0x40 ./FATFS/Target/user_diskio.o
 .debug_aranges
                0x00000a68       0xd8 ./Library/ads131m08/ads131m08.o
 .debug_aranges
                0x00000b40       0x40 ./Middlewares/Third_Party/FatFs/ff_gen_drv.o

.debug_rnglists
                0x00000000      0x88d
 .debug_rnglists
                0x00000000       0x20 ./Common/Src/system_stm32h7xx_dualcore_boot_cm4_cm7.o
 .debug_rnglists
                0x00000020       0x52 ./Core/Src/main.o
 .debug_rnglists
                0x00000072       0x2d ./Core/Src/stm32h7xx_hal_msp.o
 .debug_rnglists
                0x0000009f       0x43 ./Core/Src/stm32h7xx_it.o
 .debug_rnglists
                0x000000e2       0x19 ./Core/Startup/startup_stm32h745zitx.o
 .debug_rnglists
                0x000000fb      0x181 ./Drivers/STM32H7xx_HAL_Driver/stm32h7xx_hal.o
 .debug_rnglists
                0x0000027c       0xe0 ./Drivers/STM32H7xx_HAL_Driver/stm32h7xx_hal_cortex.o
 .debug_rnglists
                0x0000035c       0x3f ./Drivers/STM32H7xx_HAL_Driver/stm32h7xx_hal_gpio.o
 .debug_rnglists
                0x0000039b       0x4f ./Drivers/STM32H7xx_HAL_Driver/stm32h7xx_hal_hsem.o
 .debug_rnglists
                0x000003ea      0x117 ./Drivers/STM32H7xx_HAL_Driver/stm32h7xx_hal_pwr_ex.o
 .debug_rnglists
                0x00000501       0x68 ./Drivers/STM32H7xx_HAL_Driver/stm32h7xx_hal_rcc.o
 .debug_rnglists
                0x00000569       0xc6 ./Drivers/STM32H7xx_HAL_Driver/stm32h7xx_hal_rcc_ex.o
 .debug_rnglists
                0x0000062f      0x148 ./Drivers/STM32H7xx_HAL_Driver/stm32h7xx_hal_spi.o
 .debug_rnglists
                0x00000777       0x19 ./FATFS/App/fatfs.o
 .debug_rnglists
                0x00000790       0x2b ./FATFS/Target/user_diskio.o
 .debug_rnglists
                0x000007bb       0xa6 ./Library/ads131m08/ads131m08.o
 .debug_rnglists
                0x00000861       0x2c ./Middlewares/Third_Party/FatFs/ff_gen_drv.o

.debug_macro    0x00000000     0x3fcd
 .debug_macro   0x00000000      0x2c5 ./Common/Src/system_stm32h7xx_dualcore_boot_cm4_cm7.o
 .debug_macro   0x000002c5      0x3c2 ./Core/Src/main.o
 .debug_macro   0x00000687       0xeb ./Core/Src/main.o
 .debug_macro   0x00000772       0x8e ./Core/Src/main.o
 .debug_macro   0x00000800       0x22 ./Core/Src/main.o
 .debug_macro   0x00000822       0x16 ./Core/Src/main.o
 .debug_macro   0x00000838       0x20 ./Core/Src/main.o
 .debug_macro   0x00000858      0xd4b ./Core/Src/main.o
 .debug_macro   0x000015a3      0x2dd ./Core/Src/stm32h7xx_hal_msp.o
 .debug_macro   0x00001880      0x2e7 ./Core/Src/stm32h7xx_it.o
 .debug_macro   0x00001b67      0x2ef ./Drivers/STM32H7xx_HAL_Driver/stm32h7xx_hal.o
 .debug_macro   0x00001e56      0x2c5 ./Drivers/STM32H7xx_HAL_Driver/stm32h7xx_hal_cortex.o
 .debug_macro   0x0000211b      0x2d9 ./Drivers/STM32H7xx_HAL_Driver/stm32h7xx_hal_gpio.o
 .debug_macro   0x000023f4      0x2d7 ./Drivers/STM32H7xx_HAL_Driver/stm32h7xx_hal_hsem.o
 .debug_macro   0x000026cb      0x2fe ./Drivers/STM32H7xx_HAL_Driver/stm32h7xx_hal_pwr_ex.o
 .debug_macro   0x000029c9      0x2e9 ./Drivers/STM32H7xx_HAL_Driver/stm32h7xx_hal_rcc.o
 .debug_macro   0x00002cb2      0x2e3 ./Drivers/STM32H7xx_HAL_Driver/stm32h7xx_hal_rcc_ex.o
 .debug_macro   0x00002f95      0x2cd ./Drivers/STM32H7xx_HAL_Driver/stm32h7xx_hal_spi.o
 .debug_macro   0x00003262      0x36a ./FATFS/App/fatfs.o
 .debug_macro   0x000035cc      0x387 ./FATFS/Target/user_diskio.o
 .debug_macro   0x00003953       0x10 ./FATFS/Target/user_diskio.o
 .debug_macro   0x00003963      0x313 ./Library/ads131m08/ads131m08.o
 .debug_macro   0x00003c76      0x357 ./Middlewares/Third_Party/FatFs/ff_gen_drv.o

.debug_line     0x00000000     0xfcf9
 .debug_line    0x00000000      0xac3 ./Common/Src/system_stm32h7xx_dualcore_boot_cm4_cm7.o
 .debug_line    0x00000ac3      0xcdd ./Core/Src/main.o
 .debug_line    0x000017a0      0xa16 ./Core/Src/stm32h7xx_hal_msp.o
 .debug_line    0x000021b6      0xa01 ./Core/Src/stm32h7xx_it.o
 .debug_line    0x00002bb7       0x7b ./Core/Startup/startup_stm32h745zitx.o
 .debug_line    0x00002c32     0x106f ./Drivers/STM32H7xx_HAL_Driver/stm32h7xx_hal.o
 .debug_line    0x00003ca1      0xf03 ./Drivers/STM32H7xx_HAL_Driver/stm32h7xx_hal_cortex.o
 .debug_line    0x00004ba4      0xd98 ./Drivers/STM32H7xx_HAL_Driver/stm32h7xx_hal_gpio.o
 .debug_line    0x0000593c      0xaab ./Drivers/STM32H7xx_HAL_Driver/stm32h7xx_hal_hsem.o
 .debug_line    0x000063e7     0x11d6 ./Drivers/STM32H7xx_HAL_Driver/stm32h7xx_hal_pwr_ex.o
 .debug_line    0x000075bd     0x15b4 ./Drivers/STM32H7xx_HAL_Driver/stm32h7xx_hal_rcc.o
 .debug_line    0x00008b71     0x1ed9 ./Drivers/STM32H7xx_HAL_Driver/stm32h7xx_hal_rcc_ex.o
 .debug_line    0x0000aa4a     0x229f ./Drivers/STM32H7xx_HAL_Driver/stm32h7xx_hal_spi.o
 .debug_line    0x0000cce9      0xa19 ./FATFS/App/fatfs.o
 .debug_line    0x0000d702      0xa74 ./FATFS/Target/user_diskio.o
 .debug_line    0x0000e176     0x10b0 ./Library/ads131m08/ads131m08.o
 .debug_line    0x0000f226      0xad3 ./Middlewares/Third_Party/FatFs/ff_gen_drv.o

.debug_str      0x00000000   0x180513
 .debug_str     0x00000000   0x180513 ./Common/Src/system_stm32h7xx_dualcore_boot_cm4_cm7.o
                             0x1762c6 (size before relaxing)
 .debug_str     0x00180513        0x0 ./Core/Src/main.o
                             0x17cbc0 (size before relaxing)
 .debug_str     0x00180513        0x0 ./Core/Src/stm32h7xx_hal_msp.o
                             0x1770aa (size before relaxing)
 .debug_str     0x00180513        0x0 ./Core/Src/stm32h7xx_it.o
                             0x17624a (size before relaxing)
 .debug_str     0x00180513        0x0 ./Core/Startup/startup_stm32h745zitx.o
                                 0x85 (size before relaxing)
 .debug_str     0x00180513        0x0 ./Drivers/STM32H7xx_HAL_Driver/stm32h7xx_hal.o
                             0x1775e7 (size before relaxing)
 .debug_str     0x00180513        0x0 ./Drivers/STM32H7xx_HAL_Driver/stm32h7xx_hal_cortex.o
                             0x176d6d (size before relaxing)
 .debug_str     0x00180513        0x0 ./Drivers/STM32H7xx_HAL_Driver/stm32h7xx_hal_gpio.o
                             0x1764d5 (size before relaxing)
 .debug_str     0x00180513        0x0 ./Drivers/STM32H7xx_HAL_Driver/stm32h7xx_hal_hsem.o
                             0x176160 (size before relaxing)
 .debug_str     0x00180513        0x0 ./Drivers/STM32H7xx_HAL_Driver/stm32h7xx_hal_pwr_ex.o
                             0x17692b (size before relaxing)
 .debug_str     0x00180513        0x0 ./Drivers/STM32H7xx_HAL_Driver/stm32h7xx_hal_rcc.o
                             0x176856 (size before relaxing)
 .debug_str     0x00180513        0x0 ./Drivers/STM32H7xx_HAL_Driver/stm32h7xx_hal_rcc_ex.o
                             0x176d8b (size before relaxing)
 .debug_str     0x00180513        0x0 ./Drivers/STM32H7xx_HAL_Driver/stm32h7xx_hal_spi.o
                             0x176b67 (size before relaxing)
 .debug_str     0x00180513        0x0 ./FATFS/App/fatfs.o
                             0x176aa5 (size before relaxing)
 .debug_str     0x00180513        0x0 ./FATFS/Target/user_diskio.o
                             0x176a1c (size before relaxing)
 .debug_str     0x00180513        0x0 ./Library/ads131m08/ads131m08.o
                             0x17bd83 (size before relaxing)
 .debug_str     0x00180513        0x0 ./Middlewares/Third_Party/FatFs/ff_gen_drv.o
                             0x176a32 (size before relaxing)

.comment        0x00000000       0x43
 .comment       0x00000000       0x43 ./Common/Src/system_stm32h7xx_dualcore_boot_cm4_cm7.o
                                 0x44 (size before relaxing)
 .comment       0x00000043        0x0 ./Core/Src/main.o
                                 0x44 (size before relaxing)
 .comment       0x00000043        0x0 ./Core/Src/stm32h7xx_hal_msp.o
                                 0x44 (size before relaxing)
 .comment       0x00000043        0x0 ./Core/Src/stm32h7xx_it.o
                                 0x44 (size before relaxing)
 .comment       0x00000043        0x0 ./Drivers/STM32H7xx_HAL_Driver/stm32h7xx_hal.o
                                 0x44 (size before relaxing)
 .comment       0x00000043        0x0 ./Drivers/STM32H7xx_HAL_Driver/stm32h7xx_hal_cortex.o
                                 0x44 (size before relaxing)
 .comment       0x00000043        0x0 ./Drivers/STM32H7xx_HAL_Driver/stm32h7xx_hal_gpio.o
                                 0x44 (size before relaxing)
 .comment       0x00000043        0x0 ./Drivers/STM32H7xx_HAL_Driver/stm32h7xx_hal_hsem.o
                                 0x44 (size before relaxing)
 .comment       0x00000043        0x0 ./Drivers/STM32H7xx_HAL_Driver/stm32h7xx_hal_pwr_ex.o
                                 0x44 (size before relaxing)
 .comment       0x00000043        0x0 ./Drivers/STM32H7xx_HAL_Driver/stm32h7xx_hal_rcc.o
                                 0x44 (size before relaxing)
 .comment       0x00000043        0x0 ./Drivers/STM32H7xx_HAL_Driver/stm32h7xx_hal_rcc_ex.o
                                 0x44 (size before relaxing)
 .comment       0x00000043        0x0 ./Drivers/STM32H7xx_HAL_Driver/stm32h7xx_hal_spi.o
                                 0x44 (size before relaxing)
 .comment       0x00000043        0x0 ./FATFS/App/fatfs.o
                                 0x44 (size before relaxing)
 .comment       0x00000043        0x0 ./FATFS/Target/user_diskio.o
                                 0x44 (size before relaxing)
 .comment       0x00000043        0x0 ./Library/ads131m08/ads131m08.o
                                 0x44 (size before relaxing)
 .comment       0x00000043        0x0 ./Middlewares/Third_Party/FatFs/ff_gen_drv.o
                                 0x44 (size before relaxing)

.debug_frame    0x00000000     0x2da4
 .debug_frame   0x00000000       0x78 ./Common/Src/system_stm32h7xx_dualcore_boot_cm4_cm7.o
 .debug_frame   0x00000078      0x170 ./Core/Src/main.o
 .debug_frame   0x000001e8       0xd4 ./Core/Src/stm32h7xx_hal_msp.o
 .debug_frame   0x000002bc      0x104 ./Core/Src/stm32h7xx_it.o
 .debug_frame   0x000003c0      0x848 ./Drivers/STM32H7xx_HAL_Driver/stm32h7xx_hal.o
 .debug_frame   0x00000c08      0x508 ./Drivers/STM32H7xx_HAL_Driver/stm32h7xx_hal_cortex.o
 .debug_frame   0x00001110      0x14c ./Drivers/STM32H7xx_HAL_Driver/stm32h7xx_hal_gpio.o
 .debug_frame   0x0000125c      0x1bc ./Drivers/STM32H7xx_HAL_Driver/stm32h7xx_hal_hsem.o
 .debug_frame   0x00001418      0x5ec ./Drivers/STM32H7xx_HAL_Driver/stm32h7xx_hal_pwr_ex.o
 .debug_frame   0x00001a04      0x1f8 ./Drivers/STM32H7xx_HAL_Driver/stm32h7xx_hal_rcc.o
 .debug_frame   0x00001bfc      0x43c ./Drivers/STM32H7xx_HAL_Driver/stm32h7xx_hal_rcc_ex.o
 .debug_frame   0x00002038      0x7a8 ./Drivers/STM32H7xx_HAL_Driver/stm32h7xx_hal_spi.o
 .debug_frame   0x000027e0       0x4c ./FATFS/App/fatfs.o
 .debug_frame   0x0000282c       0xd8 ./FATFS/Target/user_diskio.o
 .debug_frame   0x00002904      0x38c ./Library/ads131m08/ads131m08.o
 .debug_frame   0x00002c90       0xc8 ./Middlewares/Third_Party/FatFs/ff_gen_drv.o
 .debug_frame   0x00002d58       0x20 C:/ST/STM32CubeIDE_2.0.0/STM32CubeIDE/plugins/com.st.stm32cube.ide.mcu.externaltools.gnu-tools-for-stm32.13.3.rel1.win32_1.0.100.202509120712/tools/bin/../lib/gcc/arm-none-eabi/13.3.1/../../../../arm-none-eabi/lib/thumb/v7e-m+fp/hard\libc_nano.a(libc_a-memset.o)
 .debug_frame   0x00002d78       0x2c C:/ST/STM32CubeIDE_2.0.0/STM32CubeIDE/plugins/com.st.stm32cube.ide.mcu.externaltools.gnu-tools-for-stm32.13.3.rel1.win32_1.0.100.202509120712/tools/bin/../lib/gcc/arm-none-eabi/13.3.1/../../../../arm-none-eabi/lib/thumb/v7e-m+fp/hard\libc_nano.a(libc_a-init.o)

.debug_line_str
                0x00000000       0x69
 .debug_line_str
                0x00000000       0x69 ./Core/Startup/startup_stm32h745zitx.o
