../Core/Src/daq_engine.c:26:16:DAQ_ValidateConfig	16	static
../Core/Src/daq_engine.c:56:16:DAQ_QueuePush	32	static
../Core/Src/daq_engine.c:71:16:DAQ_QueuePop	16	static
../Core/Src/daq_engine.c:84:6:DAQ_Shutdown	8	static
../Core/Src/daq_engine.c:103:6:DAQ_Startup	16	static
../Core/Src/daq_engine.c:125:6:DAQ_EngineInit	8	static
../Core/Src/daq_engine.c:141:9:DAQ_ApplyConfig	16	static
../Core/Src/daq_engine.c:152:20:DAQ_GetConfig	4	static
../Core/Src/daq_engine.c:157:6:adcMaster_Startup	32	static
../Core/Src/daq_engine.c:172:6:adcMaster_Shutdown	32	static
../Core/Src/daq_engine.c:188:9:DAQ_ProcessAdcReadyEvent	56	static
../Core/Src/daq_engine.c:236:6:DAQ_ServicePendingWrites	1200	static
../Core/Src/daq_engine.c:259:9:DAQ_HasPendingWrites	4	static
