../Core/Src/ipc_cmd.c:27:16:IPC_CanStart	4	static
../Core/Src/ipc_cmd.c:32:16:IPC_CanStop	4	static
../Core/Src/ipc_cmd.c:39:13:IPC_PublishStatus	16	static
../Core/Src/ipc_cmd.c:65:13:IPC_WriteResponse	32	static
../Core/Src/ipc_cmd.c:80:16:IPC_ReadPendingCommand	24	static
../Core/Src/ipc_cmd.c:96:16:IPC_CopyStartConfig	16	static
../Core/Src/ipc_cmd.c:113:13:IPC_StreamResetShared	8	static
../Core/Src/ipc_cmd.c:129:13:IPC_StreamService	16	static
../Core/Src/ipc_cmd.c:181:6:IPC_CmdInit	8	static
../Core/Src/ipc_cmd.c:201:6:IPC_CmdService	216	static
../Core/Src/ipc_cmd.c:309:27:IPC_CmdGetLastResponse	4	static
