../Core/Src/ipc_cmd.c:28:16:IPC_CanStart	4	static
../Core/Src/ipc_cmd.c:33:16:IPC_CanStop	4	static
../Core/Src/ipc_cmd.c:40:13:IPC_PublishStatus	16	static
../Core/Src/ipc_cmd.c:68:13:IPC_WriteResponse	32	static
../Core/Src/ipc_cmd.c:83:16:IPC_ReadPendingCommand	24	static
../Core/Src/ipc_cmd.c:99:16:IPC_CopyStartConfig	16	static
../Core/Src/ipc_cmd.c:116:13:IPC_StreamResetShared	8	static
../Core/Src/ipc_cmd.c:132:13:IPC_StreamService	16	static
../Core/Src/ipc_cmd.c:184:6:IPC_CmdInit	8	static
../Core/Src/ipc_cmd.c:204:6:IPC_CmdService	216	static
../Core/Src/ipc_cmd.c:312:27:IPC_CmdGetLastResponse	4	static
