../Core/Src/main.c:108:5:main	16	static
../Core/Src/main.c:185:6:MX_SDMMC1_MMC_Init	40	static
../Core/Src/main.c:219:13:MX_SPI4_Init	8	static
../Core/Src/main.c:267:13:MX_GPIO_Init	40	static
../Core/Src/main.c:339:6:AEMS_Initialize	16	static
../Core/Src/main.c:358:6:DAQ_Shutdown	8	static
../Core/Src/main.c:366:6:DAQ_Startup	16	static
../Core/Src/main.c:389:6:adcMaster_Startup	8	static
../Core/Src/main.c:394:6:adcMaster_Shutdown	8	static
../Core/Src/main.c:398:16:Buffercmp	24	static
../Core/Src/main.c:419:6:Error_Handler	4	static,ignoring_inline_asm
