../Core/Src/main.c:92:5:main	16	static
../Core/Src/main.c:151:6:MX_SDMMC1_MMC_Init	8	static
../Core/Src/main.c:182:13:MX_SPI4_Init	8	static
../Core/Src/main.c:230:13:MX_GPIO_Init	48	static
../Core/Src/main.c:294:6:AEMS_Initialize	16	static
../Core/Src/main.c:313:6:DAQ_Shutdown	8	static
../Core/Src/main.c:321:6:DAQ_Startup	16	static
../Core/Src/main.c:344:6:adcMaster_Startup	8	static
../Core/Src/main.c:349:6:adcMaster_Shutdown	8	static
../Core/Src/main.c:359:6:Error_Handler	4	static,ignoring_inline_asm
