C:/Users/vigne/STM32CubeIDE/workspace/AEMSv02-Firmware/Common/Src/emmc_fs.c:23:13:EmmcFs_Lock	8	static
C:/Users/vigne/STM32CubeIDE/workspace/AEMSv02-Firmware/Common/Src/emmc_fs.c:28:13:EmmcFs_Unlock	8	static
C:/Users/vigne/STM32CubeIDE/workspace/AEMSv02-Firmware/Common/Src/emmc_fs.c:33:23:EmmcFs_EnsureLinked	8	static
C:/Users/vigne/STM32CubeIDE/workspace/AEMSv02-Firmware/Common/Src/emmc_fs.c:48:16:EmmcFs_IsDatFile	24	static
C:/Users/vigne/STM32CubeIDE/workspace/AEMSv02-Firmware/Common/Src/emmc_fs.c:91:16:EmmcFs_Init	16	static
C:/Users/vigne/STM32CubeIDE/workspace/AEMSv02-Firmware/Common/Src/emmc_fs.c:102:16:EmmcFs_MountOrFormat	24	static
C:/Users/vigne/STM32CubeIDE/workspace/AEMSv02-Firmware/Common/Src/emmc_fs.c:152:16:EmmcFs_CountDatFiles	376	static
