C:/Users/vigne/STM32CubeIDE/workspace/AEMSv02-Firmware/Common/Src/emmc_fs.c:27:13:EmmcFs_WriteU32Be	16	static
C:/Users/vigne/STM32CubeIDE/workspace/AEMSv02-Firmware/Common/Src/emmc_fs.c:35:13:EmmcFs_WriteU64Be	24	static
C:/Users/vigne/STM32CubeIDE/workspace/AEMSv02-Firmware/Common/Src/emmc_fs.c:47:13:EmmcFs_Lock	8	static
C:/Users/vigne/STM32CubeIDE/workspace/AEMSv02-Firmware/Common/Src/emmc_fs.c:52:13:EmmcFs_Unlock	8	static
C:/Users/vigne/STM32CubeIDE/workspace/AEMSv02-Firmware/Common/Src/emmc_fs.c:57:23:EmmcFs_EnsureLinked	8	static
C:/Users/vigne/STM32CubeIDE/workspace/AEMSv02-Firmware/Common/Src/emmc_fs.c:72:16:EmmcFs_IsDatFile	24	static
C:/Users/vigne/STM32CubeIDE/workspace/AEMSv02-Firmware/Common/Src/emmc_fs.c:115:23:EmmcFs_EnsureMounted	16	static
C:/Users/vigne/STM32CubeIDE/workspace/AEMSv02-Firmware/Common/Src/emmc_fs.c:140:13:EmmcFs_FillPattern	32	static
C:/Users/vigne/STM32CubeIDE/workspace/AEMSv02-Firmware/Common/Src/emmc_fs.c:150:13:EmmcFs_BuildPath	24	static
C:/Users/vigne/STM32CubeIDE/workspace/AEMSv02-Firmware/Common/Src/emmc_fs.c:171:16:EmmcFs_Init	16	static
C:/Users/vigne/STM32CubeIDE/workspace/AEMSv02-Firmware/Common/Src/emmc_fs.c:182:16:EmmcFs_MountOrFormat	24	static
C:/Users/vigne/STM32CubeIDE/workspace/AEMSv02-Firmware/Common/Src/emmc_fs.c:232:16:EmmcFs_WriteConfigMain	4192	static
C:/Users/vigne/STM32CubeIDE/workspace/AEMSv02-Firmware/Common/Src/emmc_fs.c:298:16:EmmcFs_CreatePatternFile	4328	static
C:/Users/vigne/STM32CubeIDE/workspace/AEMSv02-Firmware/Common/Src/emmc_fs.c:402:16:EmmcFs_ReadConfigMainChunk	32	static
C:/Users/vigne/STM32CubeIDE/workspace/AEMSv02-Firmware/Common/Src/emmc_fs.c:416:16:EmmcFs_ReadFileChunk	4312	static
C:/Users/vigne/STM32CubeIDE/workspace/AEMSv02-Firmware/Common/Src/emmc_fs.c:485:16:EmmcFs_OpenFileRead	160	static
C:/Users/vigne/STM32CubeIDE/workspace/AEMSv02-Firmware/Common/Src/emmc_fs.c:526:16:EmmcFs_ReadFileNext	32	static
C:/Users/vigne/STM32CubeIDE/workspace/AEMSv02-Firmware/Common/Src/emmc_fs.c:554:16:EmmcFs_CloseFileRead	24	static
C:/Users/vigne/STM32CubeIDE/workspace/AEMSv02-Firmware/Common/Src/emmc_fs.c:583:16:EmmcFs_CountDatFiles	376	static
C:/Users/vigne/STM32CubeIDE/workspace/AEMSv02-Firmware/Common/Src/emmc_fs.c:647:16:EmmcFs_CountAllFiles	376	static
